Archive member included to satisfy reference by file (symbol)

/usr/lib/gcc/arm-none-eabi/13.2.1/../../../arm-none-eabi/lib/thumb/v7e-m+fp/hard/libc_nano.a(libc_a-init.o)
                              /usr/lib/gcc/arm-none-eabi/13.2.1/../../../arm-none-eabi/lib/thumb/v7e-m+fp/hard/crt0.o (__libc_init_array)
/usr/lib/gcc/arm-none-eabi/13.2.1/../../../arm-none-eabi/lib/thumb/v7e-m+fp/hard/libc_nano.a(libc_a-memset.o)
                              /usr/lib/gcc/arm-none-eabi/13.2.1/../../../arm-none-eabi/lib/thumb/v7e-m+fp/hard/crt0.o (memset)
/usr/lib/gcc/arm-none-eabi/13.2.1/../../../arm-none-eabi/lib/thumb/v7e-m+fp/hard/libc_nano.a(libc_a-exit.o)
                              /usr/lib/gcc/arm-none-eabi/13.2.1/../../../arm-none-eabi/lib/thumb/v7e-m+fp/hard/crt0.o (exit)
/usr/lib/gcc/arm-none-eabi/13.2.1/../../../arm-none-eabi/lib/thumb/v7e-m+fp/hard/libc_nano.a(libc_a-atexit.o)
                              /usr/lib/gcc/arm-none-eabi/13.2.1/../../../arm-none-eabi/lib/thumb/v7e-m+fp/hard/crt0.o (atexit)
/usr/lib/gcc/arm-none-eabi/13.2.1/../../../arm-none-eabi/lib/thumb/v7e-m+fp/hard/libc_nano.a(libc_a-fini.o)
                              /usr/lib/gcc/arm-none-eabi/13.2.1/../../../arm-none-eabi/lib/thumb/v7e-m+fp/hard/crt0.o (__libc_fini_array)
/usr/lib/gcc/arm-none-eabi/13.2.1/../../../arm-none-eabi/lib/thumb/v7e-m+fp/hard/libc_nano.a(libc_a-findfp.o)
                              /usr/lib/gcc/arm-none-eabi/13.2.1/../../../arm-none-eabi/lib/thumb/v7e-m+fp/hard/libc_nano.a(libc_a-exit.o) (__stdio_exit_handler)
/usr/lib/gcc/arm-none-eabi/13.2.1/../../../arm-none-eabi/lib/thumb/v7e-m+fp/hard/libc_nano.a(libc_a-fflush.o)
                              /usr/lib/gcc/arm-none-eabi/13.2.1/../../../arm-none-eabi/lib/thumb/v7e-m+fp/hard/libc_nano.a(libc_a-findfp.o) (_fflush_r)
/usr/lib/gcc/arm-none-eabi/13.2.1/../../../arm-none-eabi/lib/thumb/v7e-m+fp/hard/libc_nano.a(libc_a-mallocr.o)
                              /usr/lib/gcc/arm-none-eabi/13.2.1/../../../arm-none-eabi/lib/thumb/v7e-m+fp/hard/libc_nano.a(libc_a-findfp.o) (_malloc_r)
/usr/lib/gcc/arm-none-eabi/13.2.1/../../../arm-none-eabi/lib/thumb/v7e-m+fp/hard/libc_nano.a(libc_a-freer.o)
                              /usr/lib/gcc/arm-none-eabi/13.2.1/../../../arm-none-eabi/lib/thumb/v7e-m+fp/hard/libc_nano.a(libc_a-fflush.o) (_free_r)
/usr/lib/gcc/arm-none-eabi/13.2.1/../../../arm-none-eabi/lib/thumb/v7e-m+fp/hard/libc_nano.a(libc_a-fwalk.o)
                              /usr/lib/gcc/arm-none-eabi/13.2.1/../../../arm-none-eabi/lib/thumb/v7e-m+fp/hard/libc_nano.a(libc_a-findfp.o) (_fwalk_sglue)
/usr/lib/gcc/arm-none-eabi/13.2.1/../../../arm-none-eabi/lib/thumb/v7e-m+fp/hard/libc_nano.a(libc_a-__atexit.o)
                              /usr/lib/gcc/arm-none-eabi/13.2.1/../../../arm-none-eabi/lib/thumb/v7e-m+fp/hard/libc_nano.a(libc_a-atexit.o) (__register_exitproc)
/usr/lib/gcc/arm-none-eabi/13.2.1/../../../arm-none-eabi/lib/thumb/v7e-m+fp/hard/libc_nano.a(libc_a-mlock.o)
                              /usr/lib/gcc/arm-none-eabi/13.2.1/../../../arm-none-eabi/lib/thumb/v7e-m+fp/hard/libc_nano.a(libc_a-mallocr.o) (__malloc_lock)
/usr/lib/gcc/arm-none-eabi/13.2.1/../../../arm-none-eabi/lib/thumb/v7e-m+fp/hard/libc_nano.a(libc_a-sbrkr.o)
                              /usr/lib/gcc/arm-none-eabi/13.2.1/../../../arm-none-eabi/lib/thumb/v7e-m+fp/hard/libc_nano.a(libc_a-mallocr.o) (_sbrk_r)
/usr/lib/gcc/arm-none-eabi/13.2.1/../../../arm-none-eabi/lib/thumb/v7e-m+fp/hard/libc_nano.a(libc_a-stdio.o)
                              /usr/lib/gcc/arm-none-eabi/13.2.1/../../../arm-none-eabi/lib/thumb/v7e-m+fp/hard/libc_nano.a(libc_a-findfp.o) (__sread)
/usr/lib/gcc/arm-none-eabi/13.2.1/../../../arm-none-eabi/lib/thumb/v7e-m+fp/hard/libc_nano.a(libc_a-impure.o)
                              /usr/lib/gcc/arm-none-eabi/13.2.1/../../../arm-none-eabi/lib/thumb/v7e-m+fp/hard/libc_nano.a(libc_a-fflush.o) (_impure_ptr)
/usr/lib/gcc/arm-none-eabi/13.2.1/../../../arm-none-eabi/lib/thumb/v7e-m+fp/hard/libc_nano.a(libc_a-closer.o)
                              /usr/lib/gcc/arm-none-eabi/13.2.1/../../../arm-none-eabi/lib/thumb/v7e-m+fp/hard/libc_nano.a(libc_a-stdio.o) (_close_r)
/usr/lib/gcc/arm-none-eabi/13.2.1/../../../arm-none-eabi/lib/thumb/v7e-m+fp/hard/libc_nano.a(libc_a-__call_atexit.o)
                              /usr/lib/gcc/arm-none-eabi/13.2.1/../../../arm-none-eabi/lib/thumb/v7e-m+fp/hard/libc_nano.a(libc_a-__atexit.o) (__call_exitprocs)
/usr/lib/gcc/arm-none-eabi/13.2.1/../../../arm-none-eabi/lib/thumb/v7e-m+fp/hard/libc_nano.a(libc_a-readr.o)
                              /usr/lib/gcc/arm-none-eabi/13.2.1/../../../arm-none-eabi/lib/thumb/v7e-m+fp/hard/libc_nano.a(libc_a-stdio.o) (_read_r)
/usr/lib/gcc/arm-none-eabi/13.2.1/../../../arm-none-eabi/lib/thumb/v7e-m+fp/hard/libc_nano.a(libc_a-reent.o)
                              /usr/lib/gcc/arm-none-eabi/13.2.1/../../../arm-none-eabi/lib/thumb/v7e-m+fp/hard/libc_nano.a(libc_a-sbrkr.o) (errno)
[...]
Memory Configuration

Name             Origin             Length             Attributes
RAM              0x20000000         0x00020000         xrw
FLASH            0x08000000         0x00080000         xr
*default*        0x00000000         0xffffffff

Linker script and memory map

LOAD /usr/lib/gcc/arm-none-eabi/13.2.1/thumb/v7e-m+fp/hard/crti.o
LOAD /usr/lib/gcc/arm-none-eabi/13.2.1/thumb/v7e-m+fp/hard/crtbegin.o
LOAD /usr/lib/gcc/arm-none-eabi/13.2.1/../../../arm-none-eabi/lib/thumb/v7e-m+fp/hard/crt0.o
START GROUP
LOAD /usr/lib/gcc/arm-none-eabi/13.2.1/../../../arm-none-eabi/lib/thumb/v7e-m+fp/hard/libc_nano.a
LOAD /usr/lib/gcc/arm-none-eabi/13.2.1/../../../arm-none-eabi/lib/thumb/v7e-m+fp/hard/libm.a
END GROUP
LOAD CMakeFiles/LED_Blink_Ceedling.dir/Core/Src/LED.c.obj
LOAD CMakeFiles/LED_Blink_Ceedling.dir/Core/Src/main.c.obj
LOAD CMakeFiles/LED_Blink_Ceedling.dir/Core/Src/gpio.c.obj
LOAD CMakeFiles/LED_Blink_Ceedling.dir/Core/Src/stm32f4xx_it.c.obj
LOAD CMakeFiles/LED_Blink_Ceedling.dir/Core/Src/stm32f4xx_hal_msp.c.obj
LOAD CMakeFiles/LED_Blink_Ceedling.dir/Drivers/STM32F4xx_HAL_Driver/Src/stm32f4xx_hal_rcc.c.obj
LOAD CMakeFiles/LED_Blink_Ceedling.dir/Drivers/STM32F4xx_HAL_Driver/Src/stm32f4xx_hal_rcc_ex.c.obj
LOAD CMakeFiles/LED_Blink_Ceedling.dir/Drivers/STM32F4xx_HAL_Driver/Src/stm32f4xx_hal_flash.c.obj
LOAD CMakeFiles/LED_Blink_Ceedling.dir/Drivers/STM32F4xx_HAL_Driver/Src/stm32f4xx_hal_flash_ex.c.obj
LOAD CMakeFiles/LED_Blink_Ceedling.dir/Drivers/STM32F4xx_HAL_Driver/Src/stm32f4xx_hal_flash_ramfunc.c.obj
LOAD CMakeFiles/LED_Blink_Ceedling.dir/Drivers/STM32F4xx_HAL_Driver/Src/stm32f4xx_hal_gpio.c.obj
LOAD CMakeFiles/LED_Blink_Ceedling.dir/Drivers/STM32F4xx_HAL_Driver/Src/stm32f4xx_hal_dma_ex.c.obj
LOAD CMakeFiles/LED_Blink_Ceedling.dir/Drivers/STM32F4xx_HAL_Driver/Src/stm32f4xx_hal_dma.c.obj
LOAD CMakeFiles/LED_Blink_Ceedling.dir/Drivers/STM32F4xx_HAL_Driver/Src/stm32f4xx_hal_pwr.c.obj
LOAD CMakeFiles/LED_Blink_Ceedling.dir/Drivers/STM32F4xx_HAL_Driver/Src/stm32f4xx_hal_pwr_ex.c.obj
LOAD CMakeFiles/LED_Blink_Ceedling.dir/Drivers/STM32F4xx_HAL_Driver/Src/stm32f4xx_hal_cortex.c.obj
LOAD CMakeFiles/LED_Blink_Ceedling.dir/Drivers/STM32F4xx_HAL_Driver/Src/stm32f4xx_hal.c.obj
LOAD CMakeFiles/LED_Blink_Ceedling.dir/Drivers/STM32F4xx_HAL_Driver/Src/stm32f4xx_hal_exti.c.obj
LOAD CMakeFiles/LED_Blink_Ceedling.dir/Core/Src/system_stm32f4xx.c.obj
LOAD CMakeFiles/LED_Blink_Ceedling.dir/Core/Src/sysmem.c.obj
LOAD CMakeFiles/LED_Blink_Ceedling.dir/Core/Src/syscalls.c.obj
LOAD CMakeFiles/LED_Blink_Ceedling.dir/startup_stm32f446xx.s.obj
START GROUP
LOAD /usr/lib/gcc/arm-none-eabi/13.2.1/thumb/v7e-m+fp/hard/libgcc.a
LOAD /usr/lib/gcc/arm-none-eabi/13.2.1/../../../arm-none-eabi/lib/thumb/v7e-m+fp/hard/libg_nano.a
LOAD /usr/lib/gcc/arm-none-eabi/13.2.1/../../../arm-none-eabi/lib/thumb/v7e-m+fp/hard/libc_nano.a
END GROUP
START GROUP
LOAD /usr/lib/gcc/arm-none-eabi/13.2.1/thumb/v7e-m+fp/hard/libgcc.a
LOAD /usr/lib/gcc/arm-none-eabi/13.2.1/../../../arm-none-eabi/lib/thumb/v7e-m+fp/hard/libc_nano.a
END GROUP
LOAD /usr/lib/gcc/arm-none-eabi/13.2.1/thumb/v7e-m+fp/hard/crtend.o
LOAD /usr/lib/gcc/arm-none-eabi/13.2.1/thumb/v7e-m+fp/hard/crtn.o
                0x20020000                        _estack = (ORIGIN (RAM) + LENGTH (RAM))
                0x00000200                        _Min_Heap_Size = 0x200
                0x00000400                        _Min_Stack_Size = 0x400

.isr_vector     0x08000000      0x1c4
                0x08000000                        . = ALIGN (0x4)
 *(.isr_vector)
 .isr_vector    0x08000000      0x1c4 CMakeFiles/LED_Blink_Ceedling.dir/startup_stm32f446xx.s.obj
                0x08000000                g_pfnVectors
                0x080001c4                        . = ALIGN (0x4)

.text           0x080001c4     0x1758
                0x080001c4                        . = ALIGN (0x4)
 *(.text)
 .text          0x080001c4       0x88 /usr/lib/gcc/arm-none-eabi/13.2.1/thumb/v7e-m+fp/hard/crtbegin.o
 .text          0x0800024c       0x50 /usr/lib/gcc/arm-none-eabi/13.2.1/../../../arm-none-eabi/lib/thumb/v7e-m+fp/hard/libc_nano.a(libc_a-init.o)
                0x0800024c                __libc_init_array
 .text          0x0800029c       0xa4 /usr/lib/gcc/arm-none-eabi/13.2.1/../../../arm-none-eabi/lib/thumb/v7e-m+fp/hard/libc_nano.a(libc_a-memset.o)
                0x0800029c                memset
 .text          0x08000340       0x30 /usr/lib/gcc/arm-none-eabi/13.2.1/thumb/v7e-m+fp/hard/libgcc.a(_aeabi_uldivmod.o)
                0x08000340                __aeabi_uldivmod
 .text          0x08000370      0x2bc /usr/lib/gcc/arm-none-eabi/13.2.1/thumb/v7e-m+fp/hard/libgcc.a(_udivmoddi4.o)
                0x08000370                __udivmoddi4
 .text          0x0800062c        0x4 /usr/lib/gcc/arm-none-eabi/13.2.1/thumb/v7e-m+fp/hard/libgcc.a(_dvmd_tls.o)
                0x0800062c                __aeabi_ldiv0
                0x0800062c                __aeabi_idiv0
 *(.text*)
 .text.main     0x08000630       0x14 CMakeFiles/LED_Blink_Ceedling.dir/Core/Src/main.c.obj
                0x08000630                main
 .text.SystemClock_Config
                0x08000644       0xc0 CMakeFiles/LED_Blink_Ceedling.dir/Core/Src/main.c.obj
                0x08000644                SystemClock_Config
 .text.Error_Handler
                0x08000704        0xc CMakeFiles/LED_Blink_Ceedling.dir/Core/Src/main.c.obj
                0x08000704                Error_Handler
 .text.MX_GPIO_Init
                0x08000710       0x64 CMakeFiles/LED_Blink_Ceedling.dir/Core/Src/gpio.c.obj
                0x08000710                MX_GPIO_Init
 .text.NMI_Handler
                0x08000774        0x8 CMakeFiles/LED_Blink_Ceedling.dir/Core/Src/stm32f4xx_it.c.obj
                0x08000774                NMI_Handler
 .text.HardFault_Handler
                0x0800077c        0x8 CMakeFiles/LED_Blink_Ceedling.dir/Core/Src/stm32f4xx_it.c.obj
                0x0800077c                HardFault_Handler
 .text.MemManage_Handler
                0x08000784        0x8 CMakeFiles/LED_Blink_Ceedling.dir/Core/Src/stm32f4xx_it.c.obj
                0x08000784                MemManage_Handler
 .text.BusFault_Handler
                0x0800078c        0x8 CMakeFiles/LED_Blink_Ceedling.dir/Core/Src/stm32f4xx_it.c.obj
                0x0800078c                BusFault_Handler
 .text.UsageFault_Handler
                0x08000794        0x8 CMakeFiles/LED_Blink_Ceedling.dir/Core/Src/stm32f4xx_it.c.obj
                0x08000794                UsageFault_Handler
 .text.SVC_Handler
                0x0800079c        0xe CMakeFiles/LED_Blink_Ceedling.dir/Core/Src/stm32f4xx_it.c.obj
                0x0800079c                SVC_Handler
 .text.DebugMon_Handler
                0x080007aa        0xe CMakeFiles/LED_Blink_Ceedling.dir/Core/Src/stm32f4xx_it.c.obj
                0x080007aa                DebugMon_Handler
 .text.PendSV_Handler
                0x080007b8        0xe CMakeFiles/LED_Blink_Ceedling.dir/Core/Src/stm32f4xx_it.c.obj
                0x080007b8                PendSV_Handler
 .text.SysTick_Handler
                0x080007c6        0xc CMakeFiles/LED_Blink_Ceedling.dir/Core/Src/stm32f4xx_it.c.obj
                0x080007c6                SysTick_Handler
 *fill*         0x080007d2        0x2 
 .text.HAL_MspInit
                0x080007d4       0x50 CMakeFiles/LED_Blink_Ceedling.dir/Core/Src/stm32f4xx_hal_msp.c.obj
                0x080007d4                HAL_MspInit
 .text.HAL_RCC_ClockConfig
                0x08000824      0x1cc CMakeFiles/LED_Blink_Ceedling.dir/Drivers/STM32F4xx_HAL_Driver/Src/stm32f4xx_hal_rcc.c.obj
                0x08000824                HAL_RCC_ClockConfig
 .text.HAL_RCC_GetSysClockFreq
                0x080009f0      0x354 CMakeFiles/LED_Blink_Ceedling.dir/Drivers/STM32F4xx_HAL_Driver/Src/stm32f4xx_hal_rcc_ex.c.obj
                0x080009f0                HAL_RCC_GetSysClockFreq
 .text.HAL_RCC_OscConfig
                0x08000d44      0x53c CMakeFiles/LED_Blink_Ceedling.dir/Drivers/STM32F4xx_HAL_Driver/Src/stm32f4xx_hal_rcc_ex.c.obj
                0x08000d44                HAL_RCC_OscConfig
 .text.HAL_GPIO_Init
                0x08001280      0x328 CMakeFiles/LED_Blink_Ceedling.dir/Drivers/STM32F4xx_HAL_Driver/Src/stm32f4xx_hal_gpio.c.obj
                0x08001280                HAL_GPIO_Init
 .text.HAL_GPIO_WritePin
                0x080015a8       0x32 CMakeFiles/LED_Blink_Ceedling.dir/Drivers/STM32F4xx_HAL_Driver/Src/stm32f4xx_hal_gpio.c.obj
                0x080015a8                HAL_GPIO_WritePin
 *fill*         0x080015da        0x2 
 .text.__NVIC_SetPriorityGrouping
                0x080015dc       0x48 CMakeFiles/LED_Blink_Ceedling.dir/Drivers/STM32F4xx_HAL_Driver/Src/stm32f4xx_hal_cortex.c.obj
 .text.__NVIC_GetPriorityGrouping
                0x08001624       0x1c CMakeFiles/LED_Blink_Ceedling.dir/Drivers/STM32F4xx_HAL_Driver/Src/stm32f4xx_hal_cortex.c.obj
 .text.__NVIC_SetPriority
                0x08001640       0x54 CMakeFiles/LED_Blink_Ceedling.dir/Drivers/STM32F4xx_HAL_Driver/Src/stm32f4xx_hal_cortex.c.obj
 .text.NVIC_EncodePriority
                0x08001694       0x66 CMakeFiles/LED_Blink_Ceedling.dir/Drivers/STM32F4xx_HAL_Driver/Src/stm32f4xx_hal_cortex.c.obj
 *fill*         0x080016fa        0x2 
 .text.SysTick_Config
                0x080016fc       0x44 CMakeFiles/LED_Blink_Ceedling.dir/Drivers/STM32F4xx_HAL_Driver/Src/stm32f4xx_hal_cortex.c.obj
 .text.HAL_NVIC_SetPriorityGrouping
                0x08001740       0x16 CMakeFiles/LED_Blink_Ceedling.dir/Drivers/STM32F4xx_HAL_Driver/Src/stm32f4xx_hal_cortex.c.obj
                0x08001740                HAL_NVIC_SetPriorityGrouping
 .text.HAL_NVIC_SetPriority
                0x08001756       0x38 CMakeFiles/LED_Blink_Ceedling.dir/Drivers/STM32F4xx_HAL_Driver/Src/stm32f4xx_hal_cortex.c.obj
                0x08001756                HAL_NVIC_SetPriority
 .text.HAL_SYSTICK_Config
                0x0800178e       0x18 CMakeFiles/LED_Blink_Ceedling.dir/Drivers/STM32F4xx_HAL_Driver/Src/stm32f4xx_hal_cortex.c.obj
                0x0800178e                HAL_SYSTICK_Config
 *fill*         0x080017a6        0x2 
 .text.HAL_Init
                0x080017a8       0x44 CMakeFiles/LED_Blink_Ceedling.dir/Drivers/STM32F4xx_HAL_Driver/Src/stm32f4xx_hal.c.obj
                0x080017a8                HAL_Init
 .text.HAL_InitTick
                0x080017ec       0x60 CMakeFiles/LED_Blink_Ceedling.dir/Drivers/STM32F4xx_HAL_Driver/Src/stm32f4xx_hal.c.obj
                0x080017ec                HAL_InitTick
 .text.HAL_IncTick
                0x0800184c       0x28 CMakeFiles/LED_Blink_Ceedling.dir/Drivers/STM32F4xx_HAL_Driver/Src/stm32f4xx_hal.c.obj
                0x0800184c                HAL_IncTick
 .text.HAL_GetTick
                0x08001874       0x18 CMakeFiles/LED_Blink_Ceedling.dir/Drivers/STM32F4xx_HAL_Driver/Src/stm32f4xx_hal.c.obj
                0x08001874                HAL_GetTick
 .text.SystemInit
                0x0800188c       0x24 CMakeFiles/LED_Blink_Ceedling.dir/Core/Src/system_stm32f4xx.c.obj
                0x0800188c                SystemInit
 .text.Reset_Handler
                0x080018b0       0x50 CMakeFiles/LED_Blink_Ceedling.dir/startup_stm32f446xx.s.obj
                0x080018b0                Reset_Handler
 .text.Default_Handler
                0x08001900        0x2 CMakeFiles/LED_Blink_Ceedling.dir/startup_stm32f446xx.s.obj
                0x08001900                RTC_Alarm_IRQHandler
                0x08001900                EXTI2_IRQHandler
                0x08001900                TIM8_CC_IRQHandler
                0x08001900                FMPI2C1_EV_IRQHandler
                0x08001900                SPI4_IRQHandler
                0x08001900                TIM1_CC_IRQHandler
                0x08001900                DMA2_Stream5_IRQHandler
                0x08001900                DMA1_Stream5_IRQHandler
                0x08001900                PVD_IRQHandler
                0x08001900                SDIO_IRQHandler
                0x08001900                TAMP_STAMP_IRQHandler
                0x08001900                CAN2_RX1_IRQHandler
                0x08001900                EXTI3_IRQHandler
                0x08001900                TIM8_TRG_COM_TIM14_IRQHandler
                0x08001900                TIM1_UP_TIM10_IRQHandler
                0x08001900                TIM8_UP_TIM13_IRQHandler
                0x08001900                I2C3_ER_IRQHandler
                0x08001900                EXTI0_IRQHandler
                0x08001900                I2C2_EV_IRQHandler
                0x08001900                DMA1_Stream2_IRQHandler
                0x08001900                CAN1_RX0_IRQHandler
                0x08001900                FPU_IRQHandler
                0x08001900                OTG_HS_WKUP_IRQHandler
                0x08001900                CAN2_SCE_IRQHandler
                0x08001900                DMA2_Stream2_IRQHandler
                0x08001900                SPI1_IRQHandler
                0x08001900                TIM6_DAC_IRQHandler
                0x08001900                TIM1_BRK_TIM9_IRQHandler
                0x08001900                DCMI_IRQHandler
                0x08001900                CAN2_RX0_IRQHandler
                0x08001900                DMA2_Stream3_IRQHandler
                0x08001900                SAI2_IRQHandler
                0x08001900                USART6_IRQHandler
                0x08001900                USART3_IRQHandler
                0x08001900                CAN1_RX1_IRQHandler
                0x08001900                UART5_IRQHandler
                0x08001900                DMA2_Stream0_IRQHandler
                0x08001900                TIM4_IRQHandler
                0x08001900                QUADSPI_IRQHandler
                0x08001900                I2C1_EV_IRQHandler
                0x08001900                DMA1_Stream6_IRQHandler
                0x08001900                DMA1_Stream1_IRQHandler
                0x08001900                UART4_IRQHandler
                0x08001900                TIM3_IRQHandler
                0x08001900                RCC_IRQHandler
                0x08001900                TIM8_BRK_TIM12_IRQHandler
                0x08001900                Default_Handler
                0x08001900                CEC_IRQHandler
                0x08001900                EXTI15_10_IRQHandler
                0x08001900                ADC_IRQHandler
                0x08001900                DMA1_Stream7_IRQHandler
                0x08001900                TIM7_IRQHandler
                0x08001900                CAN2_TX_IRQHandler
                0x08001900                TIM5_IRQHandler
                0x08001900                DMA2_Stream7_IRQHandler
                0x08001900                I2C3_EV_IRQHandler
                0x08001900                EXTI9_5_IRQHandler
                0x08001900                RTC_WKUP_IRQHandler
                0x08001900                SPDIF_RX_IRQHandler
                0x08001900                SPI2_IRQHandler
                0x08001900                OTG_HS_EP1_IN_IRQHandler
                0x08001900                DMA1_Stream0_IRQHandler
                0x08001900                CAN1_TX_IRQHandler
                0x08001900                FMPI2C1_ER_IRQHandler
                0x08001900                EXTI4_IRQHandler
                0x08001900                OTG_HS_EP1_OUT_IRQHandler
                0x08001900                WWDG_IRQHandler
                0x08001900                TIM2_IRQHandler
                0x08001900                OTG_FS_WKUP_IRQHandler
                0x08001900                TIM1_TRG_COM_TIM11_IRQHandler
                0x08001900                OTG_HS_IRQHandler
                0x08001900                EXTI1_IRQHandler
                0x08001900                USART2_IRQHandler
                0x08001900                I2C2_ER_IRQHandler
                0x08001900                DMA2_Stream1_IRQHandler
                0x08001900                CAN1_SCE_IRQHandler
                0x08001900                FLASH_IRQHandler
                0x08001900                DMA2_Stream4_IRQHandler
                0x08001900                USART1_IRQHandler
                0x08001900                OTG_FS_IRQHandler
                0x08001900                SPI3_IRQHandler
                0x08001900                DMA1_Stream4_IRQHandler
                0x08001900                I2C1_ER_IRQHandler
                0x08001900                FMC_IRQHandler
                0x08001900                DMA2_Stream6_IRQHandler
                0x08001900                SAI1_IRQHandler
                0x08001900                DMA1_Stream3_IRQHandler
 *(.glue_7)
 .glue_7        0x08001902        0x0 linker stubs
 *(.glue_7t)
 .glue_7t       0x08001902        0x0 linker stubs
 *(.eh_frame)
 *fill*         0x08001902        0x2 
 .eh_frame      0x08001904        0x0 /usr/lib/gcc/arm-none-eabi/13.2.1/thumb/v7e-m+fp/hard/crtbegin.o
 *(.init)
 .init          0x08001904        0x4 /usr/lib/gcc/arm-none-eabi/13.2.1/thumb/v7e-m+fp/hard/crti.o
                0x08001904                _init
 .init          0x08001908        0x8 /usr/lib/gcc/arm-none-eabi/13.2.1/thumb/v7e-m+fp/hard/crtn.o
 *(.fini)
 .fini          0x08001910        0x4 /usr/lib/gcc/arm-none-eabi/13.2.1/thumb/v7e-m+fp/hard/crti.o
                0x08001910                _fini
 .fini          0x08001914        0x8 /usr/lib/gcc/arm-none-eabi/13.2.1/thumb/v7e-m+fp/hard/crtn.o
                0x0800191c                        . = ALIGN (0x4)
                0x0800191c                        _etext = .

.vfp11_veneer   0x0800191c        0x0
 .vfp11_veneer  0x0800191c        0x0 linker stubs

.v4_bx          0x0800191c        0x0
 .v4_bx         0x0800191c        0x0 linker stubs

.iplt           0x0800191c        0x0
 .iplt          0x0800191c        0x0 /usr/lib/gcc/arm-none-eabi/13.2.1/thumb/v7e-m+fp/hard/crtbegin.o

.rodata         0x0800191c       0x10
                0x0800191c                        . = ALIGN (0x4)
 *(.rodata)
 *(.rodata*)
 .rodata.AHBPrescTable
                0x0800191c       0x10 CMakeFiles/LED_Blink_Ceedling.dir/Core/Src/system_stm32f4xx.c.obj
                0x0800191c                AHBPrescTable
                0x0800192c                        . = ALIGN (0x4)

.ARM.extab
 *(.ARM.extab* .gnu.linkonce.armextab.*)

.ARM            0x0800192c        0x8
                0x0800192c                        __exidx_start = .
 *(.ARM.exidx*)
 .ARM.exidx     0x0800192c        0x8 /usr/lib/gcc/arm-none-eabi/13.2.1/thumb/v7e-m+fp/hard/libgcc.a(_udivmoddi4.o)
                0x08001934                        __exidx_end = .

.rel.dyn        0x08001934        0x0
 .rel.iplt      0x08001934        0x0 /usr/lib/gcc/arm-none-eabi/13.2.1/thumb/v7e-m+fp/hard/crtbegin.o

.preinit_array  0x08001934        0x0
                0x08001934                        PROVIDE (__preinit_array_start = .)
 *(.preinit_array*)
                0x08001934                        PROVIDE (__preinit_array_end = .)

.init_array     0x08001934        0x4
                0x08001934                        PROVIDE (__init_array_start = .)
 *(SORT_BY_NAME(.init_array.*))
 *(.init_array*)
 .init_array    0x08001934        0x4 /usr/lib/gcc/arm-none-eabi/13.2.1/thumb/v7e-m+fp/hard/crtbegin.o
                0x08001938                        PROVIDE (__init_array_end = .)

.fini_array     0x08001938        0x4
                0x08001938                        PROVIDE (__fini_array_start = .)
 *(SORT_BY_NAME(.fini_array.*))
 *(.fini_array*)
 .fini_array    0x08001938        0x4 /usr/lib/gcc/arm-none-eabi/13.2.1/thumb/v7e-m+fp/hard/crtbegin.o
                0x0800193c                        PROVIDE (__fini_array_end = .)
                0x0800193c                        _sidata = LOADADDR (.data)

.data           0x20000000        0xc load address 0x0800193c
                0x20000000                        . = ALIGN (0x4)
                0x20000000                        _sdata = .
 *(.data)
 *(.data*)
 .data.uwTickPrio
                0x20000000        0x4 CMakeFiles/LED_Blink_Ceedling.dir/Drivers/STM32F4xx_HAL_Driver/Src/stm32f4xx_hal.c.obj
                0x20000000                uwTickPrio
 .data.uwTickFreq
                0x20000004        0x1 CMakeFiles/LED_Blink_Ceedling.dir/Drivers/STM32F4xx_HAL_Driver/Src/stm32f4xx_hal.c.obj
                0x20000004                uwTickFreq
 *fill*         0x20000005        0x3 
 .data.SystemCoreClock
                0x20000008        0x4 CMakeFiles/LED_Blink_Ceedling.dir/Core/Src/system_stm32f4xx.c.obj
                0x20000008                SystemCoreClock
                0x2000000c                        . = ALIGN (0x4)
                0x2000000c                        _edata = .

.tm_clone_table
                0x2000000c        0x0 load address 0x08001948
 .tm_clone_table
                0x2000000c        0x0 /usr/lib/gcc/arm-none-eabi/13.2.1/thumb/v7e-m+fp/hard/crtbegin.o
 .tm_clone_table
                0x2000000c        0x0 /usr/lib/gcc/arm-none-eabi/13.2.1/thumb/v7e-m+fp/hard/crtend.o

.igot.plt       0x2000000c        0x0 load address 0x08001948
 .igot.plt      0x2000000c        0x0 /usr/lib/gcc/arm-none-eabi/13.2.1/thumb/v7e-m+fp/hard/crtbegin.o
                0x2000000c                        . = ALIGN (0x4)

.bss            0x2000000c       0x20 load address 0x08001948
                0x2000000c                        _sbss = .
                0x2000000c                        __bss_start__ = _sbss
 *(.bss)
 .bss           0x2000000c       0x1c /usr/lib/gcc/arm-none-eabi/13.2.1/thumb/v7e-m+fp/hard/crtbegin.o
 *(.bss*)
 .bss.uwTick    0x20000028        0x4 CMakeFiles/LED_Blink_Ceedling.dir/Drivers/STM32F4xx_HAL_Driver/Src/stm32f4xx_hal.c.obj
                0x20000028                uwTick
 *(COMMON)
                0x2000002c                        . = ALIGN (0x4)
                0x2000002c                        _ebss = .
                0x2000002c                        __bss_end__ = _ebss

._user_heap_stack
                0x2000002c      0x604 load address 0x08001948
                0x20000030                        . = ALIGN (0x8)
 *fill*         0x2000002c        0x4 
                [!provide]                        PROVIDE (end = .)
                0x20000030                        PROVIDE (_end = .)
                0x20000230                        . = (. + _Min_Heap_Size)
 *fill*         0x20000030      0x200 
                0x20000630                        . = (. + _Min_Stack_Size)
 *fill*         0x20000230      0x400 
                0x20000630                        . = ALIGN (0x8)

/DISCARD/
 libc.a(*)
 libm.a(*)
 libgcc.a(*)
OUTPUT(LED_Blink_Ceedling.elf elf32-littlearm)
LOAD linker stubs
LOAD /usr/lib/gcc/arm-none-eabi/13.2.1/../../../arm-none-eabi/lib/thumb/v7e-m+fp/hard/libc.a
LOAD /usr/lib/gcc/arm-none-eabi/13.2.1/../../../arm-none-eabi/lib/thumb/v7e-m+fp/hard/libm.a
LOAD /usr/lib/gcc/arm-none-eabi/13.2.1/thumb/v7e-m+fp/hard/libgcc.a

.ARM.attributes
                0x00000000       0x30
 .ARM.attributes
                0x00000000       0x22 /usr/lib/gcc/arm-none-eabi/13.2.1/thumb/v7e-m+fp/hard/crti.o
 .ARM.attributes
                0x00000022       0x34 /usr/lib/gcc/arm-none-eabi/13.2.1/thumb/v7e-m+fp/hard/crtbegin.o
 .ARM.attributes
                0x00000056       0x34 /usr/lib/gcc/arm-none-eabi/13.2.1/../../../arm-none-eabi/lib/thumb/v7e-m+fp/hard/libc_nano.a(libc_a-init.o)
 .ARM.attributes
                0x0000008a       0x34 /usr/lib/gcc/arm-none-eabi/13.2.1/../../../arm-none-eabi/lib/thumb/v7e-m+fp/hard/libc_nano.a(libc_a-memset.o)
 .ARM.attributes
                0x000000be       0x34 CMakeFiles/LED_Blink_Ceedling.dir/Core/Src/main.c.obj
 .ARM.attributes
                0x000000f2       0x34 CMakeFiles/LED_Blink_Ceedling.dir/Core/Src/gpio.c.obj
 .ARM.attributes
                0x00000126       0x34 CMakeFiles/LED_Blink_Ceedling.dir/Core/Src/stm32f4xx_it.c.obj
 .ARM.attributes
                0x0000015a       0x34 CMakeFiles/LED_Blink_Ceedling.dir/Core/Src/stm32f4xx_hal_msp.c.obj
 .ARM.attributes
                0x0000018e       0x34 CMakeFiles/LED_Blink_Ceedling.dir/Drivers/STM32F4xx_HAL_Driver/Src/stm32f4xx_hal_rcc.c.obj
 .ARM.attributes
                0x000001c2       0x34 CMakeFiles/LED_Blink_Ceedling.dir/Drivers/STM32F4xx_HAL_Driver/Src/stm32f4xx_hal_rcc_ex.c.obj
 .ARM.attributes
                0x000001f6       0x34 CMakeFiles/LED_Blink_Ceedling.dir/Drivers/STM32F4xx_HAL_Driver/Src/stm32f4xx_hal_gpio.c.obj
 .ARM.attributes
                0x0000022a       0x34 CMakeFiles/LED_Blink_Ceedling.dir/Drivers/STM32F4xx_HAL_Driver/Src/stm32f4xx_hal_cortex.c.obj
 .ARM.attributes
                0x0000025e       0x34 CMakeFiles/LED_Blink_Ceedling.dir/Drivers/STM32F4xx_HAL_Driver/Src/stm32f4xx_hal.c.obj
 .ARM.attributes
                0x00000292       0x34 CMakeFiles/LED_Blink_Ceedling.dir/Core/Src/system_stm32f4xx.c.obj
 .ARM.attributes
                0x000002c6       0x21 CMakeFiles/LED_Blink_Ceedling.dir/startup_stm32f446xx.s.obj
 .ARM.attributes
                0x000002e7       0x22 /usr/lib/gcc/arm-none-eabi/13.2.1/thumb/v7e-m+fp/hard/libgcc.a(_aeabi_uldivmod.o)
 .ARM.attributes
                0x00000309       0x34 /usr/lib/gcc/arm-none-eabi/13.2.1/thumb/v7e-m+fp/hard/libgcc.a(_udivmoddi4.o)
 .ARM.attributes
                0x0000033d       0x22 /usr/lib/gcc/arm-none-eabi/13.2.1/thumb/v7e-m+fp/hard/libgcc.a(_dvmd_tls.o)
 .ARM.attributes
                0x0000035f       0x34 /usr/lib/gcc/arm-none-eabi/13.2.1/thumb/v7e-m+fp/hard/crtend.o
 .ARM.attributes
                0x00000393       0x22 /usr/lib/gcc/arm-none-eabi/13.2.1/thumb/v7e-m+fp/hard/crtn.o

.comment        0x00000000       0x26
 .comment       0x00000000       0x26 /usr/lib/gcc/arm-none-eabi/13.2.1/thumb/v7e-m+fp/hard/crtbegin.o
                                 0x27 (size before relaxing)
 .comment       0x00000026       0x27 /usr/lib/gcc/arm-none-eabi/13.2.1/../../../arm-none-eabi/lib/thumb/v7e-m+fp/hard/libc_nano.a(libc_a-init.o)
 .comment       0x00000026       0x27 /usr/lib/gcc/arm-none-eabi/13.2.1/../../../arm-none-eabi/lib/thumb/v7e-m+fp/hard/libc_nano.a(libc_a-memset.o)
 .comment       0x00000026       0x27 CMakeFiles/LED_Blink_Ceedling.dir/Core/Src/main.c.obj
 .comment       0x00000026       0x27 CMakeFiles/LED_Blink_Ceedling.dir/Core/Src/gpio.c.obj
 .comment       0x00000026       0x27 CMakeFiles/LED_Blink_Ceedling.dir/Core/Src/stm32f4xx_it.c.obj
 .comment       0x00000026       0x27 CMakeFiles/LED_Blink_Ceedling.dir/Core/Src/stm32f4xx_hal_msp.c.obj
 .comment       0x00000026       0x27 CMakeFiles/LED_Blink_Ceedling.dir/Drivers/STM32F4xx_HAL_Driver/Src/stm32f4xx_hal_rcc.c.obj
 .comment       0x00000026       0x27 CMakeFiles/LED_Blink_Ceedling.dir/Drivers/STM32F4xx_HAL_Driver/Src/stm32f4xx_hal_rcc_ex.c.obj
 .comment       0x00000026       0x27 CMakeFiles/LED_Blink_Ceedling.dir/Drivers/STM32F4xx_HAL_Driver/Src/stm32f4xx_hal_gpio.c.obj
 .comment       0x00000026       0x27 CMakeFiles/LED_Blink_Ceedling.dir/Drivers/STM32F4xx_HAL_Driver/Src/stm32f4xx_hal_cortex.c.obj
 .comment       0x00000026       0x27 CMakeFiles/LED_Blink_Ceedling.dir/Drivers/STM32F4xx_HAL_Driver/Src/stm32f4xx_hal.c.obj
 .comment       0x00000026       0x27 CMakeFiles/LED_Blink_Ceedling.dir/Core/Src/system_stm32f4xx.c.obj
 .comment       0x00000026       0x27 /usr/lib/gcc/arm-none-eabi/13.2.1/thumb/v7e-m+fp/hard/libgcc.a(_udivmoddi4.o)
 .comment       0x00000026       0x27 /usr/lib/gcc/arm-none-eabi/13.2.1/thumb/v7e-m+fp/hard/crtend.o

.debug_info     0x00000000     0x4b19
 .debug_info    0x00000000      0x10b /usr/lib/gcc/arm-none-eabi/13.2.1/../../../arm-none-eabi/lib/thumb/v7e-m+fp/hard/libc_nano.a(libc_a-init.o)
 .debug_info    0x0000010b      0x135 /usr/lib/gcc/arm-none-eabi/13.2.1/../../../arm-none-eabi/lib/thumb/v7e-m+fp/hard/libc_nano.a(libc_a-memset.o)
 .debug_info    0x00000240      0x4d0 CMakeFiles/LED_Blink_Ceedling.dir/Core/Src/main.c.obj
 .debug_info    0x00000710      0x3cd CMakeFiles/LED_Blink_Ceedling.dir/Core/Src/gpio.c.obj
 .debug_info    0x00000add      0x112 CMakeFiles/LED_Blink_Ceedling.dir/Core/Src/stm32f4xx_it.c.obj
 .debug_info    0x00000bef      0x28d CMakeFiles/LED_Blink_Ceedling.dir/Core/Src/stm32f4xx_hal_msp.c.obj
 .debug_info    0x00000e7c      0x8bb CMakeFiles/LED_Blink_Ceedling.dir/Drivers/STM32F4xx_HAL_Driver/Src/stm32f4xx_hal_rcc.c.obj
 .debug_info    0x00001737      0x932 CMakeFiles/LED_Blink_Ceedling.dir/Drivers/STM32F4xx_HAL_Driver/Src/stm32f4xx_hal_rcc_ex.c.obj
 .debug_info    0x00002069      0x6e7 CMakeFiles/LED_Blink_Ceedling.dir/Drivers/STM32F4xx_HAL_Driver/Src/stm32f4xx_hal_gpio.c.obj
 .debug_info    0x00002750      0xd86 CMakeFiles/LED_Blink_Ceedling.dir/Drivers/STM32F4xx_HAL_Driver/Src/stm32f4xx_hal_cortex.c.obj
 .debug_info    0x000034d6      0x98e CMakeFiles/LED_Blink_Ceedling.dir/Drivers/STM32F4xx_HAL_Driver/Src/stm32f4xx_hal.c.obj
 .debug_info    0x00003e64      0x530 CMakeFiles/LED_Blink_Ceedling.dir/Core/Src/system_stm32f4xx.c.obj
 .debug_info    0x00004394       0x30 CMakeFiles/LED_Blink_Ceedling.dir/startup_stm32f446xx.s.obj
 .debug_info    0x000043c4       0x24 /usr/lib/gcc/arm-none-eabi/13.2.1/thumb/v7e-m+fp/hard/libgcc.a(_aeabi_uldivmod.o)
 .debug_info    0x000043e8      0x6f5 /usr/lib/gcc/arm-none-eabi/13.2.1/thumb/v7e-m+fp/hard/libgcc.a(_udivmoddi4.o)
 .debug_info    0x00004add       0x3c /usr/lib/gcc/arm-none-eabi/13.2.1/thumb/v7e-m+fp/hard/libgcc.a(_dvmd_tls.o)

.debug_abbrev   0x00000000     0x1491
 .debug_abbrev  0x00000000       0xc9 /usr/lib/gcc/arm-none-eabi/13.2.1/../../../arm-none-eabi/lib/thumb/v7e-m+fp/hard/libc_nano.a(libc_a-init.o)
 .debug_abbrev  0x000000c9       0xb7 /usr/lib/gcc/arm-none-eabi/13.2.1/../../../arm-none-eabi/lib/thumb/v7e-m+fp/hard/libc_nano.a(libc_a-memset.o)
 .debug_abbrev  0x00000180      0x1d6 CMakeFiles/LED_Blink_Ceedling.dir/Core/Src/main.c.obj
 .debug_abbrev  0x00000356      0x147 CMakeFiles/LED_Blink_Ceedling.dir/Core/Src/gpio.c.obj
 .debug_abbrev  0x0000049d       0x73 CMakeFiles/LED_Blink_Ceedling.dir/Core/Src/stm32f4xx_it.c.obj
 .debug_abbrev  0x00000510       0xd8 CMakeFiles/LED_Blink_Ceedling.dir/Core/Src/stm32f4xx_hal_msp.c.obj
 .debug_abbrev  0x000005e8      0x2b7 CMakeFiles/LED_Blink_Ceedling.dir/Drivers/STM32F4xx_HAL_Driver/Src/stm32f4xx_hal_rcc.c.obj
 .debug_abbrev  0x0000089f      0x20a CMakeFiles/LED_Blink_Ceedling.dir/Drivers/STM32F4xx_HAL_Driver/Src/stm32f4xx_hal_rcc_ex.c.obj
 .debug_abbrev  0x00000aa9      0x1d4 CMakeFiles/LED_Blink_Ceedling.dir/Drivers/STM32F4xx_HAL_Driver/Src/stm32f4xx_hal_gpio.c.obj
 .debug_abbrev  0x00000c7d      0x31d CMakeFiles/LED_Blink_Ceedling.dir/Drivers/STM32F4xx_HAL_Driver/Src/stm32f4xx_hal_cortex.c.obj
 .debug_abbrev  0x00000f9a      0x214 CMakeFiles/LED_Blink_Ceedling.dir/Drivers/STM32F4xx_HAL_Driver/Src/stm32f4xx_hal.c.obj
 .debug_abbrev  0x000011ae      0x11b CMakeFiles/LED_Blink_Ceedling.dir/Core/Src/system_stm32f4xx.c.obj
 .debug_abbrev  0x000012c9       0x24 CMakeFiles/LED_Blink_Ceedling.dir/startup_stm32f446xx.s.obj
 .debug_abbrev  0x000012ed       0x14 /usr/lib/gcc/arm-none-eabi/13.2.1/thumb/v7e-m+fp/hard/libgcc.a(_aeabi_uldivmod.o)
 .debug_abbrev  0x00001301      0x16a /usr/lib/gcc/arm-none-eabi/13.2.1/thumb/v7e-m+fp/hard/libgcc.a(_udivmoddi4.o)
 .debug_abbrev  0x0000146b       0x26 /usr/lib/gcc/arm-none-eabi/13.2.1/thumb/v7e-m+fp/hard/libgcc.a(_dvmd_tls.o)

.debug_loclists
                0x00000000      0xc0b
 .debug_loclists
                0x00000000       0x65 /usr/lib/gcc/arm-none-eabi/13.2.1/../../../arm-none-eabi/lib/thumb/v7e-m+fp/hard/libc_nano.a(libc_a-init.o)
 .debug_loclists
                0x00000065      0x1c2 /usr/lib/gcc/arm-none-eabi/13.2.1/../../../arm-none-eabi/lib/thumb/v7e-m+fp/hard/libc_nano.a(libc_a-memset.o)
 .debug_loclists
                0x00000227      0x9e4 /usr/lib/gcc/arm-none-eabi/13.2.1/thumb/v7e-m+fp/hard/libgcc.a(_udivmoddi4.o)

.debug_aranges  0x00000000      0x538
 .debug_aranges
                0x00000000       0x20 /usr/lib/gcc/arm-none-eabi/13.2.1/../../../arm-none-eabi/lib/thumb/v7e-m+fp/hard/libc_nano.a(libc_a-init.o)
 .debug_aranges
                0x00000020       0x20 /usr/lib/gcc/arm-none-eabi/13.2.1/../../../arm-none-eabi/lib/thumb/v7e-m+fp/hard/libc_nano.a(libc_a-memset.o)
 .debug_aranges
                0x00000040       0x30 CMakeFiles/LED_Blink_Ceedling.dir/Core/Src/main.c.obj
 .debug_aranges
                0x00000070       0x20 CMakeFiles/LED_Blink_Ceedling.dir/Core/Src/gpio.c.obj
 .debug_aranges
                0x00000090       0x60 CMakeFiles/LED_Blink_Ceedling.dir/Core/Src/stm32f4xx_it.c.obj
 .debug_aranges
                0x000000f0       0x20 CMakeFiles/LED_Blink_Ceedling.dir/Core/Src/stm32f4xx_hal_msp.c.obj
 .debug_aranges
                0x00000110       0x88 CMakeFiles/LED_Blink_Ceedling.dir/Drivers/STM32F4xx_HAL_Driver/Src/stm32f4xx_hal_rcc.c.obj
 .debug_aranges
                0x00000198       0x78 CMakeFiles/LED_Blink_Ceedling.dir/Drivers/STM32F4xx_HAL_Driver/Src/stm32f4xx_hal_rcc_ex.c.obj
 .debug_aranges
                0x00000210       0x58 CMakeFiles/LED_Blink_Ceedling.dir/Drivers/STM32F4xx_HAL_Driver/Src/stm32f4xx_hal_gpio.c.obj
 .debug_aranges
                0x00000268      0x130 CMakeFiles/LED_Blink_Ceedling.dir/Drivers/STM32F4xx_HAL_Driver/Src/stm32f4xx_hal_cortex.c.obj
 .debug_aranges
                0x00000398       0xf0 CMakeFiles/LED_Blink_Ceedling.dir/Drivers/STM32F4xx_HAL_Driver/Src/stm32f4xx_hal.c.obj
 .debug_aranges
                0x00000488       0x28 CMakeFiles/LED_Blink_Ceedling.dir/Core/Src/system_stm32f4xx.c.obj
 .debug_aranges
                0x000004b0       0x28 CMakeFiles/LED_Blink_Ceedling.dir/startup_stm32f446xx.s.obj
 .debug_aranges
                0x000004d8       0x20 /usr/lib/gcc/arm-none-eabi/13.2.1/thumb/v7e-m+fp/hard/libgcc.a(_aeabi_uldivmod.o)
 .debug_aranges
                0x000004f8       0x20 /usr/lib/gcc/arm-none-eabi/13.2.1/thumb/v7e-m+fp/hard/libgcc.a(_udivmoddi4.o)
 .debug_aranges
                0x00000518       0x20 /usr/lib/gcc/arm-none-eabi/13.2.1/thumb/v7e-m+fp/hard/libgcc.a(_dvmd_tls.o)

.debug_line     0x00000000     0x5ce1
 .debug_line    0x00000000      0x11e /usr/lib/gcc/arm-none-eabi/13.2.1/../../../arm-none-eabi/lib/thumb/v7e-m+fp/hard/libc_nano.a(libc_a-init.o)
 .debug_line    0x0000011e      0x1b6 /usr/lib/gcc/arm-none-eabi/13.2.1/../../../arm-none-eabi/lib/thumb/v7e-m+fp/hard/libc_nano.a(libc_a-memset.o)
 .debug_line    0x000002d4      0x54f CMakeFiles/LED_Blink_Ceedling.dir/Core/Src/main.c.obj
 .debug_line    0x00000823      0x4dd CMakeFiles/LED_Blink_Ceedling.dir/Core/Src/gpio.c.obj
 .debug_line    0x00000d00      0x57f CMakeFiles/LED_Blink_Ceedling.dir/Core/Src/stm32f4xx_it.c.obj
 .debug_line    0x0000127f      0x4d0 CMakeFiles/LED_Blink_Ceedling.dir/Core/Src/stm32f4xx_hal_msp.c.obj
 .debug_line    0x0000174f      0xbdb CMakeFiles/LED_Blink_Ceedling.dir/Drivers/STM32F4xx_HAL_Driver/Src/stm32f4xx_hal_rcc.c.obj
 .debug_line    0x0000232a     0x1282 CMakeFiles/LED_Blink_Ceedling.dir/Drivers/STM32F4xx_HAL_Driver/Src/stm32f4xx_hal_rcc_ex.c.obj
 .debug_line    0x000035ac      0x906 CMakeFiles/LED_Blink_Ceedling.dir/Drivers/STM32F4xx_HAL_Driver/Src/stm32f4xx_hal_gpio.c.obj
 .debug_line    0x00003eb2      0xa92 CMakeFiles/LED_Blink_Ceedling.dir/Drivers/STM32F4xx_HAL_Driver/Src/stm32f4xx_hal_cortex.c.obj
 .debug_line    0x00004944      0x7c2 CMakeFiles/LED_Blink_Ceedling.dir/Drivers/STM32F4xx_HAL_Driver/Src/stm32f4xx_hal.c.obj
 .debug_line    0x00005106      0x555 CMakeFiles/LED_Blink_Ceedling.dir/Core/Src/system_stm32f4xx.c.obj
 .debug_line    0x0000565b       0x7a CMakeFiles/LED_Blink_Ceedling.dir/startup_stm32f446xx.s.obj
 .debug_line    0x000056d5       0x4e /usr/lib/gcc/arm-none-eabi/13.2.1/thumb/v7e-m+fp/hard/libgcc.a(_aeabi_uldivmod.o)
 .debug_line    0x00005723      0x574 /usr/lib/gcc/arm-none-eabi/13.2.1/thumb/v7e-m+fp/hard/libgcc.a(_udivmoddi4.o)
 .debug_line    0x00005c97       0x4a /usr/lib/gcc/arm-none-eabi/13.2.1/thumb/v7e-m+fp/hard/libgcc.a(_dvmd_tls.o)

.debug_str      0x00000000    0xc24d8
 .debug_str     0x00000000    0xc24d8 /usr/lib/gcc/arm-none-eabi/13.2.1/../../../arm-none-eabi/lib/thumb/v7e-m+fp/hard/libc_nano.a(libc_a-init.o)
                                0x1fa (size before relaxing)
 .debug_str     0x000c24d8      0x1ad /usr/lib/gcc/arm-none-eabi/13.2.1/../../../arm-none-eabi/lib/thumb/v7e-m+fp/hard/libc_nano.a(libc_a-memset.o)
 .debug_str     0x000c24d8    0xc05a7 CMakeFiles/LED_Blink_Ceedling.dir/Core/Src/main.c.obj
 .debug_str     0x000c24d8    0xc049e CMakeFiles/LED_Blink_Ceedling.dir/Core/Src/gpio.c.obj
 .debug_str     0x000c24d8    0xc034a CMakeFiles/LED_Blink_Ceedling.dir/Core/Src/stm32f4xx_it.c.obj
 .debug_str     0x000c24d8    0xc03de CMakeFiles/LED_Blink_Ceedling.dir/Core/Src/stm32f4xx_hal_msp.c.obj
 .debug_str     0x000c24d8    0xc0878 CMakeFiles/LED_Blink_Ceedling.dir/Drivers/STM32F4xx_HAL_Driver/Src/stm32f4xx_hal_rcc.c.obj
 .debug_str     0x000c24d8    0xc08b6 CMakeFiles/LED_Blink_Ceedling.dir/Drivers/STM32F4xx_HAL_Driver/Src/stm32f4xx_hal_rcc_ex.c.obj
 .debug_str     0x000c24d8    0xc05c5 CMakeFiles/LED_Blink_Ceedling.dir/Drivers/STM32F4xx_HAL_Driver/Src/stm32f4xx_hal_gpio.c.obj
 .debug_str     0x000c24d8    0xc0d67 CMakeFiles/LED_Blink_Ceedling.dir/Drivers/STM32F4xx_HAL_Driver/Src/stm32f4xx_hal_cortex.c.obj
 .debug_str     0x000c24d8    0xc1024 CMakeFiles/LED_Blink_Ceedling.dir/Drivers/STM32F4xx_HAL_Driver/Src/stm32f4xx_hal.c.obj
 .debug_str     0x000c24d8    0xc0455 CMakeFiles/LED_Blink_Ceedling.dir/Core/Src/system_stm32f4xx.c.obj
 .debug_str     0x000c24d8       0x94 CMakeFiles/LED_Blink_Ceedling.dir/startup_stm32f446xx.s.obj
 .debug_str     0x000c24d8       0xa3 /usr/lib/gcc/arm-none-eabi/13.2.1/thumb/v7e-m+fp/hard/libgcc.a(_aeabi_uldivmod.o)
 .debug_str     0x000c24d8      0x685 /usr/lib/gcc/arm-none-eabi/13.2.1/thumb/v7e-m+fp/hard/libgcc.a(_udivmoddi4.o)
 .debug_str     0x000c24d8       0xc3 /usr/lib/gcc/arm-none-eabi/13.2.1/thumb/v7e-m+fp/hard/libgcc.a(_dvmd_tls.o)

.debug_frame    0x00000000     0x108c
 .debug_frame   0x00000000       0x2c /usr/lib/gcc/arm-none-eabi/13.2.1/../../../arm-none-eabi/lib/thumb/v7e-m+fp/hard/libc_nano.a(libc_a-init.o)
 .debug_frame   0x0000002c       0x2c /usr/lib/gcc/arm-none-eabi/13.2.1/../../../arm-none-eabi/lib/thumb/v7e-m+fp/hard/libc_nano.a(libc_a-memset.o)
 .debug_frame   0x00000058       0x68 CMakeFiles/LED_Blink_Ceedling.dir/Core/Src/main.c.obj
 .debug_frame   0x000000c0       0x34 CMakeFiles/LED_Blink_Ceedling.dir/Core/Src/gpio.c.obj
 .debug_frame   0x000000f4      0x104 CMakeFiles/LED_Blink_Ceedling.dir/Core/Src/stm32f4xx_it.c.obj
 .debug_frame   0x000001f8       0x38 CMakeFiles/LED_Blink_Ceedling.dir/Core/Src/stm32f4xx_hal_msp.c.obj
 .debug_frame   0x00000230      0x1f4 CMakeFiles/LED_Blink_Ceedling.dir/Drivers/STM32F4xx_HAL_Driver/Src/stm32f4xx_hal_rcc.c.obj
 .debug_frame   0x00000424      0x1e8 CMakeFiles/LED_Blink_Ceedling.dir/Drivers/STM32F4xx_HAL_Driver/Src/stm32f4xx_hal_rcc_ex.c.obj
 .debug_frame   0x0000060c      0x14c CMakeFiles/LED_Blink_Ceedling.dir/Drivers/STM32F4xx_HAL_Driver/Src/stm32f4xx_hal_gpio.c.obj
 .debug_frame   0x00000758      0x508 CMakeFiles/LED_Blink_Ceedling.dir/Drivers/STM32F4xx_HAL_Driver/Src/stm32f4xx_hal_cortex.c.obj
 .debug_frame   0x00000c60      0x374 CMakeFiles/LED_Blink_Ceedling.dir/Drivers/STM32F4xx_HAL_Driver/Src/stm32f4xx_hal.c.obj
 .debug_frame   0x00000fd4       0x58 CMakeFiles/LED_Blink_Ceedling.dir/Core/Src/system_stm32f4xx.c.obj
 .debug_frame   0x0000102c       0x2c /usr/lib/gcc/arm-none-eabi/13.2.1/thumb/v7e-m+fp/hard/libgcc.a(_aeabi_uldivmod.o)
 .debug_frame   0x00001058       0x34 /usr/lib/gcc/arm-none-eabi/13.2.1/thumb/v7e-m+fp/hard/libgcc.a(_udivmoddi4.o)

.debug_rnglists
                0x00000000      0x3d2
 .debug_rnglists
                0x00000000       0x20 CMakeFiles/LED_Blink_Ceedling.dir/Core/Src/main.c.obj
 .debug_rnglists
                0x00000020       0x13 CMakeFiles/LED_Blink_Ceedling.dir/Core/Src/gpio.c.obj
 .debug_rnglists
                0x00000033       0x43 CMakeFiles/LED_Blink_Ceedling.dir/Core/Src/stm32f4xx_it.c.obj
 .debug_rnglists
                0x00000076       0x13 CMakeFiles/LED_Blink_Ceedling.dir/Core/Src/stm32f4xx_hal_msp.c.obj
 .debug_rnglists
                0x00000089       0x66 CMakeFiles/LED_Blink_Ceedling.dir/Drivers/STM32F4xx_HAL_Driver/Src/stm32f4xx_hal_rcc.c.obj
 .debug_rnglists
                0x000000ef       0x5e CMakeFiles/LED_Blink_Ceedling.dir/Drivers/STM32F4xx_HAL_Driver/Src/stm32f4xx_hal_rcc_ex.c.obj
 .debug_rnglists
                0x0000014d       0x3f CMakeFiles/LED_Blink_Ceedling.dir/Drivers/STM32F4xx_HAL_Driver/Src/stm32f4xx_hal_gpio.c.obj
 .debug_rnglists
                0x0000018c       0xe0 CMakeFiles/LED_Blink_Ceedling.dir/Drivers/STM32F4xx_HAL_Driver/Src/stm32f4xx_hal_cortex.c.obj
 .debug_rnglists
                0x0000026c       0xaf CMakeFiles/LED_Blink_Ceedling.dir/Drivers/STM32F4xx_HAL_Driver/Src/stm32f4xx_hal.c.obj
 .debug_rnglists
                0x0000031b       0x1a CMakeFiles/LED_Blink_Ceedling.dir/Core/Src/system_stm32f4xx.c.obj
 .debug_rnglists
                0x00000335       0x19 CMakeFiles/LED_Blink_Ceedling.dir/startup_stm32f446xx.s.obj
 .debug_rnglists
                0x0000034e       0x84 /usr/lib/gcc/arm-none-eabi/13.2.1/thumb/v7e-m+fp/hard/libgcc.a(_udivmoddi4.o)

.debug_macro    0x00000000      0xef8
 .debug_macro   0x00000000      0x18e CMakeFiles/LED_Blink_Ceedling.dir/Core/Src/main.c.obj
 .debug_macro   0x0000018e      0x180 CMakeFiles/LED_Blink_Ceedling.dir/Core/Src/gpio.c.obj
 .debug_macro   0x0000030e      0x180 CMakeFiles/LED_Blink_Ceedling.dir/Core/Src/stm32f4xx_it.c.obj
 .debug_macro   0x0000048e      0x176 CMakeFiles/LED_Blink_Ceedling.dir/Core/Src/stm32f4xx_hal_msp.c.obj
 .debug_macro   0x00000604      0x18b CMakeFiles/LED_Blink_Ceedling.dir/Drivers/STM32F4xx_HAL_Driver/Src/stm32f4xx_hal_rcc.c.obj
 .debug_macro   0x0000078f      0x167 CMakeFiles/LED_Blink_Ceedling.dir/Drivers/STM32F4xx_HAL_Driver/Src/stm32f4xx_hal_rcc_ex.c.obj
 .debug_macro   0x000008f6      0x16d CMakeFiles/LED_Blink_Ceedling.dir/Drivers/STM32F4xx_HAL_Driver/Src/stm32f4xx_hal_gpio.c.obj
 .debug_macro   0x00000a63      0x167 CMakeFiles/LED_Blink_Ceedling.dir/Drivers/STM32F4xx_HAL_Driver/Src/stm32f4xx_hal_cortex.c.obj
 .debug_macro   0x00000bca      0x1c7 CMakeFiles/LED_Blink_Ceedling.dir/Drivers/STM32F4xx_HAL_Driver/Src/stm32f4xx_hal.c.obj
 .debug_macro   0x00000d91      0x167 CMakeFiles/LED_Blink_Ceedling.dir/Core/Src/system_stm32f4xx.c.obj

.debug_line_str
                0x00000000      0x11d
 .debug_line_str
                0x00000000      0x11d CMakeFiles/LED_Blink_Ceedling.dir/startup_stm32f446xx.s.obj
                                 0x7a (size before relaxing)
 .debug_line_str
                0x0000011d       0x97 /usr/lib/gcc/arm-none-eabi/13.2.1/thumb/v7e-m+fp/hard/libgcc.a(_aeabi_uldivmod.o)
 .debug_line_str
                0x0000011d       0x9b /usr/lib/gcc/arm-none-eabi/13.2.1/thumb/v7e-m+fp/hard/libgcc.a(_dvmd_tls.o)
