Archive member included to satisfy reference by file (symbol)

C:/PROGRA~2/ARMGNU~1/13C7F1~1.2RE/bin/../lib/gcc/arm-none-eabi/13.2.1/thumb/v7e-m+fp/hard\libc_nano.a(libc_a-exit.o)
                              C:/PROGRA~2/ARMGNU~1/13C7F1~1.2RE/bin/../lib/gcc/arm-none-eabi/13.2.1/thumb/v7e-m+fp/hard/crt0.o (exit)
C:/PROGRA~2/ARMGNU~1/13C7F1~1.2RE/bin/../lib/gcc/arm-none-eabi/13.2.1/thumb/v7e-m+fp/hard\libc_nano.a(libc_a-findfp.o)
                              C:/PROGRA~2/ARMGNU~1/13C7F1~1.2RE/bin/../lib/gcc/arm-none-eabi/13.2.1/thumb/v7e-m+fp/hard\libc_nano.a(libc_a-exit.o) (__stdio_exit_handler)
C:/PROGRA~2/ARMGNU~1/13C7F1~1.2RE/bin/../lib/gcc/arm-none-eabi/13.2.1/thumb/v7e-m+fp/hard\libc_nano.a(libc_a-fwalk.o)
                              C:/PROGRA~2/ARMGNU~1/13C7F1~1.2RE/bin/../lib/gcc/arm-none-eabi/13.2.1/thumb/v7e-m+fp/hard\libc_nano.a(libc_a-findfp.o) (_fwalk_sglue)
C:/PROGRA~2/ARMGNU~1/13C7F1~1.2RE/bin/../lib/gcc/arm-none-eabi/13.2.1/thumb/v7e-m+fp/hard\libc_nano.a(libc_a-stdio.o)
                              C:/PROGRA~2/ARMGNU~1/13C7F1~1.2RE/bin/../lib/gcc/arm-none-eabi/13.2.1/thumb/v7e-m+fp/hard\libc_nano.a(libc_a-findfp.o) (__sread)
C:/PROGRA~2/ARMGNU~1/13C7F1~1.2RE/bin/../lib/gcc/arm-none-eabi/13.2.1/thumb/v7e-m+fp/hard\libc_nano.a(libc_a-memset.o)
                              C:/PROGRA~2/ARMGNU~1/13C7F1~1.2RE/bin/../lib/gcc/arm-none-eabi/13.2.1/thumb/v7e-m+fp/hard/crt0.o (memset)
C:/PROGRA~2/ARMGNU~1/13C7F1~1.2RE/bin/../lib/gcc/arm-none-eabi/13.2.1/thumb/v7e-m+fp/hard\libc_nano.a(libc_a-closer.o)
                              C:/PROGRA~2/ARMGNU~1/13C7F1~1.2RE/bin/../lib/gcc/arm-none-eabi/13.2.1/thumb/v7e-m+fp/hard\libc_nano.a(libc_a-stdio.o) (_close_r)
C:/PROGRA~2/ARMGNU~1/13C7F1~1.2RE/bin/../lib/gcc/arm-none-eabi/13.2.1/thumb/v7e-m+fp/hard\libc_nano.a(libc_a-reent.o)
                              C:/PROGRA~2/ARMGNU~1/13C7F1~1.2RE/bin/../lib/gcc/arm-none-eabi/13.2.1/thumb/v7e-m+fp/hard\libc_nano.a(libc_a-closer.o) (errno)
C:/PROGRA~2/ARMGNU~1/13C7F1~1.2RE/bin/../lib/gcc/arm-none-eabi/13.2.1/thumb/v7e-m+fp/hard\libc_nano.a(libc_a-impure.o)
                              C:/PROGRA~2/ARMGNU~1/13C7F1~1.2RE/bin/../lib/gcc/arm-none-eabi/13.2.1/thumb/v7e-m+fp/hard\libc_nano.a(libc_a-reent.o) (_impure_ptr)
C:/PROGRA~2/ARMGNU~1/13C7F1~1.2RE/bin/../lib/gcc/arm-none-eabi/13.2.1/thumb/v7e-m+fp/hard\libc_nano.a(libc_a-lseekr.o)
                              C:/PROGRA~2/ARMGNU~1/13C7F1~1.2RE/bin/../lib/gcc/arm-none-eabi/13.2.1/thumb/v7e-m+fp/hard\libc_nano.a(libc_a-stdio.o) (_lseek_r)
C:/PROGRA~2/ARMGNU~1/13C7F1~1.2RE/bin/../lib/gcc/arm-none-eabi/13.2.1/thumb/v7e-m+fp/hard\libc_nano.a(libc_a-readr.o)
                              C:/PROGRA~2/ARMGNU~1/13C7F1~1.2RE/bin/../lib/gcc/arm-none-eabi/13.2.1/thumb/v7e-m+fp/hard\libc_nano.a(libc_a-stdio.o) (_read_r)
C:/PROGRA~2/ARMGNU~1/13C7F1~1.2RE/bin/../lib/gcc/arm-none-eabi/13.2.1/thumb/v7e-m+fp/hard\libc_nano.a(libc_a-writer.o)
                              C:/PROGRA~2/ARMGNU~1/13C7F1~1.2RE/bin/../lib/gcc/arm-none-eabi/13.2.1/thumb/v7e-m+fp/hard\libc_nano.a(libc_a-stdio.o) (_write_r)
C:/PROGRA~2/ARMGNU~1/13C7F1~1.2RE/bin/../lib/gcc/arm-none-eabi/13.2.1/thumb/v7e-m+fp/hard\libc_nano.a(libc_a-init.o)
                              C:/PROGRA~2/ARMGNU~1/13C7F1~1.2RE/bin/../lib/gcc/arm-none-eabi/13.2.1/thumb/v7e-m+fp/hard/crt0.o (__libc_init_array)
C:/PROGRA~2/ARMGNU~1/13C7F1~1.2RE/bin/../lib/gcc/arm-none-eabi/13.2.1/thumb/v7e-m+fp/hard\libc_nano.a(libc_a-lock.o)
                              C:/PROGRA~2/ARMGNU~1/13C7F1~1.2RE/bin/../lib/gcc/arm-none-eabi/13.2.1/thumb/v7e-m+fp/hard\libc_nano.a(libc_a-findfp.o) (__retarget_lock_init_recursive)
C:/PROGRA~2/ARMGNU~1/13C7F1~1.2RE/bin/../lib/gcc/arm-none-eabi/13.2.1/thumb/v7e-m+fp/hard\libc_nano.a(libc_a-freer.o)
                              C:/PROGRA~2/ARMGNU~1/13C7F1~1.2RE/bin/../lib/gcc/arm-none-eabi/13.2.1/thumb/v7e-m+fp/hard\libc_nano.a(libc_a-reent.o) (_free_r)
C:/PROGRA~2/ARMGNU~1/13C7F1~1.2RE/bin/../lib/gcc/arm-none-eabi/13.2.1/thumb/v7e-m+fp/hard\libc_nano.a(libc_a-mallocr.o)
                              C:/PROGRA~2/ARMGNU~1/13C7F1~1.2RE/bin/../lib/gcc/arm-none-eabi/13.2.1/thumb/v7e-m+fp/hard\libc_nano.a(libc_a-findfp.o) (_malloc_r)
C:/PROGRA~2/ARMGNU~1/13C7F1~1.2RE/bin/../lib/gcc/arm-none-eabi/13.2.1/thumb/v7e-m+fp/hard\libc_nano.a(libc_a-mlock.o)
                              C:/PROGRA~2/ARMGNU~1/13C7F1~1.2RE/bin/../lib/gcc/arm-none-eabi/13.2.1/thumb/v7e-m+fp/hard\libc_nano.a(libc_a-freer.o) (__malloc_lock)
C:/PROGRA~2/ARMGNU~1/13C7F1~1.2RE/bin/../lib/gcc/arm-none-eabi/13.2.1/thumb/v7e-m+fp/hard\libc_nano.a(libc_a-fflush.o)
                              C:/PROGRA~2/ARMGNU~1/13C7F1~1.2RE/bin/../lib/gcc/arm-none-eabi/13.2.1/thumb/v7e-m+fp/hard\libc_nano.a(libc_a-findfp.o) (_fflush_r)
C:/PROGRA~2/ARMGNU~1/13C7F1~1.2RE/bin/../lib/gcc/arm-none-eabi/13.2.1/thumb/v7e-m+fp/hard\libc_nano.a(libc_a-sbrkr.o)
[...]
Memory Configuration

Name             Origin             Length             Attributes
RAM              0x20000000         0x00020000         xrw
FLASH            0x08000000         0x00080000         xr
*default*        0x00000000         0xffffffff

Linker script and memory map

LOAD C:/PROGRA~2/ARMGNU~1/13C7F1~1.2RE/bin/../lib/gcc/arm-none-eabi/13.2.1/thumb/v7e-m+fp/hard/crti.o
LOAD C:/PROGRA~2/ARMGNU~1/13C7F1~1.2RE/bin/../lib/gcc/arm-none-eabi/13.2.1/thumb/v7e-m+fp/hard/crtbegin.o
LOAD C:/PROGRA~2/ARMGNU~1/13C7F1~1.2RE/bin/../lib/gcc/arm-none-eabi/13.2.1/thumb/v7e-m+fp/hard/crt0.o
START GROUP
LOAD C:/PROGRA~2/ARMGNU~1/13C7F1~1.2RE/bin/../lib/gcc/arm-none-eabi/13.2.1/thumb/v7e-m+fp/hard\libc_nano.a
LOAD C:/PROGRA~2/ARMGNU~1/13C7F1~1.2RE/bin/../lib/gcc/arm-none-eabi/13.2.1/thumb/v7e-m+fp/hard\libm.a
END GROUP
LOAD CMakeFiles/LED_Blink_Ceedling.dir/Core/Src/LED.c.obj
LOAD CMakeFiles/LED_Blink_Ceedling.dir/Core/Src/main.c.obj
LOAD CMakeFiles/LED_Blink_Ceedling.dir/Core/Src/stm32f4xx_it.c.obj
LOAD CMakeFiles/LED_Blink_Ceedling.dir/Core/Src/stm32f4xx_hal_msp.c.obj
LOAD CMakeFiles/LED_Blink_Ceedling.dir/Drivers/STM32F4xx_HAL_Driver/Src/stm32f4xx_hal_rcc.c.obj
LOAD CMakeFiles/LED_Blink_Ceedling.dir/Drivers/STM32F4xx_HAL_Driver/Src/stm32f4xx_hal_rcc_ex.c.obj
LOAD CMakeFiles/LED_Blink_Ceedling.dir/Drivers/STM32F4xx_HAL_Driver/Src/stm32f4xx_hal_flash.c.obj
LOAD CMakeFiles/LED_Blink_Ceedling.dir/Drivers/STM32F4xx_HAL_Driver/Src/stm32f4xx_hal_flash_ex.c.obj
LOAD CMakeFiles/LED_Blink_Ceedling.dir/Drivers/STM32F4xx_HAL_Driver/Src/stm32f4xx_hal_flash_ramfunc.c.obj
LOAD CMakeFiles/LED_Blink_Ceedling.dir/Drivers/STM32F4xx_HAL_Driver/Src/stm32f4xx_hal_gpio.c.obj
LOAD CMakeFiles/LED_Blink_Ceedling.dir/Drivers/STM32F4xx_HAL_Driver/Src/stm32f4xx_hal_dma_ex.c.obj
LOAD CMakeFiles/LED_Blink_Ceedling.dir/Drivers/STM32F4xx_HAL_Driver/Src/stm32f4xx_hal_dma.c.obj
LOAD CMakeFiles/LED_Blink_Ceedling.dir/Drivers/STM32F4xx_HAL_Driver/Src/stm32f4xx_hal_pwr.c.obj
LOAD CMakeFiles/LED_Blink_Ceedling.dir/Drivers/STM32F4xx_HAL_Driver/Src/stm32f4xx_hal_pwr_ex.c.obj
LOAD CMakeFiles/LED_Blink_Ceedling.dir/Drivers/STM32F4xx_HAL_Driver/Src/stm32f4xx_hal_cortex.c.obj
LOAD CMakeFiles/LED_Blink_Ceedling.dir/Drivers/STM32F4xx_HAL_Driver/Src/stm32f4xx_hal.c.obj
LOAD CMakeFiles/LED_Blink_Ceedling.dir/Drivers/STM32F4xx_HAL_Driver/Src/stm32f4xx_hal_exti.c.obj
LOAD CMakeFiles/LED_Blink_Ceedling.dir/Core/Src/system_stm32f4xx.c.obj
LOAD CMakeFiles/LED_Blink_Ceedling.dir/Core/Src/sysmem.c.obj
LOAD CMakeFiles/LED_Blink_Ceedling.dir/Core/Src/syscalls.c.obj
LOAD CMakeFiles/LED_Blink_Ceedling.dir/startup_stm32f446xx.s.obj
START GROUP
LOAD C:/PROGRA~2/ARMGNU~1/13C7F1~1.2RE/bin/../lib/gcc/arm-none-eabi/13.2.1/thumb/v7e-m+fp/hard\libgcc.a
LOAD C:/PROGRA~2/ARMGNU~1/13C7F1~1.2RE/bin/../lib/gcc/arm-none-eabi/13.2.1/thumb/v7e-m+fp/hard\libg_nano.a
LOAD C:/PROGRA~2/ARMGNU~1/13C7F1~1.2RE/bin/../lib/gcc/arm-none-eabi/13.2.1/thumb/v7e-m+fp/hard\libc_nano.a
END GROUP
START GROUP
LOAD C:/PROGRA~2/ARMGNU~1/13C7F1~1.2RE/bin/../lib/gcc/arm-none-eabi/13.2.1/thumb/v7e-m+fp/hard\libgcc.a
LOAD C:/PROGRA~2/ARMGNU~1/13C7F1~1.2RE/bin/../lib/gcc/arm-none-eabi/13.2.1/thumb/v7e-m+fp/hard\libc_nano.a
END GROUP
LOAD C:/PROGRA~2/ARMGNU~1/13C7F1~1.2RE/bin/../lib/gcc/arm-none-eabi/13.2.1/thumb/v7e-m+fp/hard/crtend.o
LOAD C:/PROGRA~2/ARMGNU~1/13C7F1~1.2RE/bin/../lib/gcc/arm-none-eabi/13.2.1/thumb/v7e-m+fp/hard/crtn.o
                0x20020000                        _estack = (ORIGIN (RAM) + LENGTH (RAM))
                0x00000200                        _Min_Heap_Size = 0x200
                0x00000400                        _Min_Stack_Size = 0x400

.isr_vector     0x08000000      0x1c4
                0x08000000                        . = ALIGN (0x4)
 *(.isr_vector)
 .isr_vector    0x08000000      0x1c4 CMakeFiles/LED_Blink_Ceedling.dir/startup_stm32f446xx.s.obj
                0x08000000                g_pfnVectors
                0x080001c4                        . = ALIGN (0x4)

.text           0x080001c4     0x175c
                0x080001c4                        . = ALIGN (0x4)
 *(.text)
 .text          0x080001c4       0x30 C:/PROGRA~2/ARMGNU~1/13C7F1~1.2RE/bin/../lib/gcc/arm-none-eabi/13.2.1/thumb/v7e-m+fp/hard\libgcc.a(_aeabi_uldivmod.o)
                0x080001c4                __aeabi_uldivmod
 .text          0x080001f4        0x4 C:/PROGRA~2/ARMGNU~1/13C7F1~1.2RE/bin/../lib/gcc/arm-none-eabi/13.2.1/thumb/v7e-m+fp/hard\libgcc.a(_dvmd_tls.o)
                0x080001f4                __aeabi_idiv0
                0x080001f4                __aeabi_ldiv0
 *(.text*)
 .text.deregister_tm_clones
                0x080001f8       0x1c C:/PROGRA~2/ARMGNU~1/13C7F1~1.2RE/bin/../lib/gcc/arm-none-eabi/13.2.1/thumb/v7e-m+fp/hard/crtbegin.o
 .text.register_tm_clones
                0x08000214       0x24 C:/PROGRA~2/ARMGNU~1/13C7F1~1.2RE/bin/../lib/gcc/arm-none-eabi/13.2.1/thumb/v7e-m+fp/hard/crtbegin.o
 .text.__do_global_dtors_aux
                0x08000238       0x28 C:/PROGRA~2/ARMGNU~1/13C7F1~1.2RE/bin/../lib/gcc/arm-none-eabi/13.2.1/thumb/v7e-m+fp/hard/crtbegin.o
 .text.frame_dummy
                0x08000260       0x24 C:/PROGRA~2/ARMGNU~1/13C7F1~1.2RE/bin/../lib/gcc/arm-none-eabi/13.2.1/thumb/v7e-m+fp/hard/crtbegin.o
 .text.memset   0x08000284       0x10 C:/PROGRA~2/ARMGNU~1/13C7F1~1.2RE/bin/../lib/gcc/arm-none-eabi/13.2.1/thumb/v7e-m+fp/hard\libc_nano.a(libc_a-memset.o)
                0x08000284                memset
 .text.__libc_init_array
                0x08000294       0x48 C:/PROGRA~2/ARMGNU~1/13C7F1~1.2RE/bin/../lib/gcc/arm-none-eabi/13.2.1/thumb/v7e-m+fp/hard\libc_nano.a(libc_a-init.o)
                0x08000294                __libc_init_array
 .text.LED_TOGGLE
                0x080002dc       0x14 CMakeFiles/LED_Blink_Ceedling.dir/Core/Src/LED.c.obj
                0x080002dc                LED_TOGGLE
 .text.main     0x080002f0       0x20 CMakeFiles/LED_Blink_Ceedling.dir/Core/Src/main.c.obj
                0x080002f0                main
 .text.SystemClock_Config
                0x08000310       0xc0 CMakeFiles/LED_Blink_Ceedling.dir/Core/Src/main.c.obj
                0x08000310                SystemClock_Config
 .text.MX_GPIO_Init
                0x080003d0       0x64 CMakeFiles/LED_Blink_Ceedling.dir/Core/Src/main.c.obj
 .text.Error_Handler
                0x08000434        0xc CMakeFiles/LED_Blink_Ceedling.dir/Core/Src/main.c.obj
                0x08000434                Error_Handler
 .text.NMI_Handler
                0x08000440        0x8 CMakeFiles/LED_Blink_Ceedling.dir/Core/Src/stm32f4xx_it.c.obj
                0x08000440                NMI_Handler
 .text.HardFault_Handler
                0x08000448        0x8 CMakeFiles/LED_Blink_Ceedling.dir/Core/Src/stm32f4xx_it.c.obj
                0x08000448                HardFault_Handler
 .text.MemManage_Handler
                0x08000450        0x8 CMakeFiles/LED_Blink_Ceedling.dir/Core/Src/stm32f4xx_it.c.obj
                0x08000450                MemManage_Handler
 .text.BusFault_Handler
                0x08000458        0x8 CMakeFiles/LED_Blink_Ceedling.dir/Core/Src/stm32f4xx_it.c.obj
                0x08000458                BusFault_Handler
 .text.UsageFault_Handler
                0x08000460        0x8 CMakeFiles/LED_Blink_Ceedling.dir/Core/Src/stm32f4xx_it.c.obj
                0x08000460                UsageFault_Handler
 .text.SVC_Handler
                0x08000468        0xe CMakeFiles/LED_Blink_Ceedling.dir/Core/Src/stm32f4xx_it.c.obj
                0x08000468                SVC_Handler
 .text.DebugMon_Handler
                0x08000476        0xe CMakeFiles/LED_Blink_Ceedling.dir/Core/Src/stm32f4xx_it.c.obj
                0x08000476                DebugMon_Handler
 .text.PendSV_Handler
                0x08000484        0xe CMakeFiles/LED_Blink_Ceedling.dir/Core/Src/stm32f4xx_it.c.obj
                0x08000484                PendSV_Handler
 .text.SysTick_Handler
                0x08000492        0xc CMakeFiles/LED_Blink_Ceedling.dir/Core/Src/stm32f4xx_it.c.obj
                0x08000492                SysTick_Handler
 *fill*         0x0800049e        0x2 
 .text.HAL_MspInit
                0x080004a0       0x50 CMakeFiles/LED_Blink_Ceedling.dir/Core/Src/stm32f4xx_hal_msp.c.obj
                0x080004a0                HAL_MspInit
 .text.HAL_RCC_ClockConfig
                0x080004f0      0x1cc CMakeFiles/LED_Blink_Ceedling.dir/Drivers/STM32F4xx_HAL_Driver/Src/stm32f4xx_hal_rcc.c.obj
                0x080004f0                HAL_RCC_ClockConfig
 .text.HAL_RCC_GetSysClockFreq
                0x080006bc      0x354 CMakeFiles/LED_Blink_Ceedling.dir/Drivers/STM32F4xx_HAL_Driver/Src/stm32f4xx_hal_rcc_ex.c.obj
                0x080006bc                HAL_RCC_GetSysClockFreq
 .text.HAL_RCC_OscConfig
                0x08000a10      0x53c CMakeFiles/LED_Blink_Ceedling.dir/Drivers/STM32F4xx_HAL_Driver/Src/stm32f4xx_hal_rcc_ex.c.obj
                0x08000a10                HAL_RCC_OscConfig
 .text.HAL_GPIO_Init
                0x08000f4c      0x328 CMakeFiles/LED_Blink_Ceedling.dir/Drivers/STM32F4xx_HAL_Driver/Src/stm32f4xx_hal_gpio.c.obj
                0x08000f4c                HAL_GPIO_Init
 .text.HAL_GPIO_WritePin
                0x08001274       0x32 CMakeFiles/LED_Blink_Ceedling.dir/Drivers/STM32F4xx_HAL_Driver/Src/stm32f4xx_hal_gpio.c.obj
                0x08001274                HAL_GPIO_WritePin
 .text.HAL_GPIO_TogglePin
                0x080012a6       0x34 CMakeFiles/LED_Blink_Ceedling.dir/Drivers/STM32F4xx_HAL_Driver/Src/stm32f4xx_hal_gpio.c.obj
                0x080012a6                HAL_GPIO_TogglePin
 *fill*         0x080012da        0x2 
 .text.__NVIC_SetPriorityGrouping
                0x080012dc       0x48 CMakeFiles/LED_Blink_Ceedling.dir/Drivers/STM32F4xx_HAL_Driver/Src/stm32f4xx_hal_cortex.c.obj
 .text.__NVIC_GetPriorityGrouping
                0x08001324       0x1c CMakeFiles/LED_Blink_Ceedling.dir/Drivers/STM32F4xx_HAL_Driver/Src/stm32f4xx_hal_cortex.c.obj
 .text.__NVIC_SetPriority
                0x08001340       0x54 CMakeFiles/LED_Blink_Ceedling.dir/Drivers/STM32F4xx_HAL_Driver/Src/stm32f4xx_hal_cortex.c.obj
 .text.NVIC_EncodePriority
                0x08001394       0x66 CMakeFiles/LED_Blink_Ceedling.dir/Drivers/STM32F4xx_HAL_Driver/Src/stm32f4xx_hal_cortex.c.obj
 *fill*         0x080013fa        0x2 
 .text.SysTick_Config
                0x080013fc       0x44 CMakeFiles/LED_Blink_Ceedling.dir/Drivers/STM32F4xx_HAL_Driver/Src/stm32f4xx_hal_cortex.c.obj
 .text.HAL_NVIC_SetPriorityGrouping
                0x08001440       0x16 CMakeFiles/LED_Blink_Ceedling.dir/Drivers/STM32F4xx_HAL_Driver/Src/stm32f4xx_hal_cortex.c.obj
                0x08001440                HAL_NVIC_SetPriorityGrouping
 .text.HAL_NVIC_SetPriority
                0x08001456       0x38 CMakeFiles/LED_Blink_Ceedling.dir/Drivers/STM32F4xx_HAL_Driver/Src/stm32f4xx_hal_cortex.c.obj
                0x08001456                HAL_NVIC_SetPriority
 .text.HAL_SYSTICK_Config
                0x0800148e       0x18 CMakeFiles/LED_Blink_Ceedling.dir/Drivers/STM32F4xx_HAL_Driver/Src/stm32f4xx_hal_cortex.c.obj
                0x0800148e                HAL_SYSTICK_Config
 *fill*         0x080014a6        0x2 
 .text.HAL_Init
                0x080014a8       0x44 CMakeFiles/LED_Blink_Ceedling.dir/Drivers/STM32F4xx_HAL_Driver/Src/stm32f4xx_hal.c.obj
                0x080014a8                HAL_Init
 .text.HAL_InitTick
                0x080014ec       0x60 CMakeFiles/LED_Blink_Ceedling.dir/Drivers/STM32F4xx_HAL_Driver/Src/stm32f4xx_hal.c.obj
                0x080014ec                HAL_InitTick
 .text.HAL_IncTick
                0x0800154c       0x28 CMakeFiles/LED_Blink_Ceedling.dir/Drivers/STM32F4xx_HAL_Driver/Src/stm32f4xx_hal.c.obj
                0x0800154c                HAL_IncTick
 .text.HAL_GetTick
                0x08001574       0x18 CMakeFiles/LED_Blink_Ceedling.dir/Drivers/STM32F4xx_HAL_Driver/Src/stm32f4xx_hal.c.obj
                0x08001574                HAL_GetTick
 .text.HAL_Delay
                0x0800158c       0x48 CMakeFiles/LED_Blink_Ceedling.dir/Drivers/STM32F4xx_HAL_Driver/Src/stm32f4xx_hal.c.obj
                0x0800158c                HAL_Delay
 .text.SystemInit
                0x080015d4       0x24 CMakeFiles/LED_Blink_Ceedling.dir/Core/Src/system_stm32f4xx.c.obj
                0x080015d4                SystemInit
 .text.Reset_Handler
                0x080015f8       0x50 CMakeFiles/LED_Blink_Ceedling.dir/startup_stm32f446xx.s.obj
                0x080015f8                Reset_Handler
 .text.Default_Handler
                0x08001648        0x2 CMakeFiles/LED_Blink_Ceedling.dir/startup_stm32f446xx.s.obj
                0x08001648                RTC_Alarm_IRQHandler
                0x08001648                EXTI2_IRQHandler
                0x08001648                TIM8_CC_IRQHandler
                0x08001648                FMPI2C1_EV_IRQHandler
                0x08001648                SPI4_IRQHandler
                0x08001648                TIM1_CC_IRQHandler
                0x08001648                DMA2_Stream5_IRQHandler
                0x08001648                DMA1_Stream5_IRQHandler
                0x08001648                PVD_IRQHandler
                0x08001648                SDIO_IRQHandler
                0x08001648                TAMP_STAMP_IRQHandler
                0x08001648                CAN2_RX1_IRQHandler
                0x08001648                EXTI3_IRQHandler
                0x08001648                TIM8_TRG_COM_TIM14_IRQHandler
                0x08001648                TIM1_UP_TIM10_IRQHandler
                0x08001648                TIM8_UP_TIM13_IRQHandler
                0x08001648                I2C3_ER_IRQHandler
                0x08001648                EXTI0_IRQHandler
                0x08001648                I2C2_EV_IRQHandler
                0x08001648                DMA1_Stream2_IRQHandler
                0x08001648                CAN1_RX0_IRQHandler
                0x08001648                FPU_IRQHandler
                0x08001648                OTG_HS_WKUP_IRQHandler
                0x08001648                CAN2_SCE_IRQHandler
                0x08001648                DMA2_Stream2_IRQHandler
                0x08001648                SPI1_IRQHandler
                0x08001648                TIM6_DAC_IRQHandler
                0x08001648                TIM1_BRK_TIM9_IRQHandler
                0x08001648                DCMI_IRQHandler
                0x08001648                CAN2_RX0_IRQHandler
                0x08001648                DMA2_Stream3_IRQHandler
                0x08001648                SAI2_IRQHandler
                0x08001648                USART6_IRQHandler
                0x08001648                USART3_IRQHandler
                0x08001648                CAN1_RX1_IRQHandler
                0x08001648                UART5_IRQHandler
                0x08001648                DMA2_Stream0_IRQHandler
                0x08001648                TIM4_IRQHandler
                0x08001648                QUADSPI_IRQHandler
                0x08001648                I2C1_EV_IRQHandler
                0x08001648                DMA1_Stream6_IRQHandler
                0x08001648                DMA1_Stream1_IRQHandler
                0x08001648                UART4_IRQHandler
                0x08001648                TIM3_IRQHandler
                0x08001648                RCC_IRQHandler
                0x08001648                TIM8_BRK_TIM12_IRQHandler
                0x08001648                Default_Handler
                0x08001648                CEC_IRQHandler
                0x08001648                EXTI15_10_IRQHandler
                0x08001648                ADC_IRQHandler
                0x08001648                DMA1_Stream7_IRQHandler
                0x08001648                TIM7_IRQHandler
                0x08001648                CAN2_TX_IRQHandler
                0x08001648                TIM5_IRQHandler
                0x08001648                DMA2_Stream7_IRQHandler
                0x08001648                I2C3_EV_IRQHandler
                0x08001648                EXTI9_5_IRQHandler
                0x08001648                RTC_WKUP_IRQHandler
                0x08001648                SPDIF_RX_IRQHandler
                0x08001648                SPI2_IRQHandler
                0x08001648                OTG_HS_EP1_IN_IRQHandler
                0x08001648                DMA1_Stream0_IRQHandler
                0x08001648                CAN1_TX_IRQHandler
                0x08001648                FMPI2C1_ER_IRQHandler
                0x08001648                EXTI4_IRQHandler
                0x08001648                OTG_HS_EP1_OUT_IRQHandler
                0x08001648                WWDG_IRQHandler
                0x08001648                TIM2_IRQHandler
                0x08001648                OTG_FS_WKUP_IRQHandler
                0x08001648                TIM1_TRG_COM_TIM11_IRQHandler
                0x08001648                OTG_HS_IRQHandler
                0x08001648                EXTI1_IRQHandler
                0x08001648                USART2_IRQHandler
                0x08001648                I2C2_ER_IRQHandler
                0x08001648                DMA2_Stream1_IRQHandler
                0x08001648                CAN1_SCE_IRQHandler
                0x08001648                FLASH_IRQHandler
                0x08001648                DMA2_Stream4_IRQHandler
                0x08001648                USART1_IRQHandler
                0x08001648                OTG_FS_IRQHandler
                0x08001648                SPI3_IRQHandler
                0x08001648                DMA1_Stream4_IRQHandler
                0x08001648                I2C1_ER_IRQHandler
                0x08001648                FMC_IRQHandler
                0x08001648                DMA2_Stream6_IRQHandler
                0x08001648                SAI1_IRQHandler
                0x08001648                DMA1_Stream3_IRQHandler
 *fill*         0x0800164a        0x2 
 .text.__udivmoddi4
                0x0800164c      0x2bc C:/PROGRA~2/ARMGNU~1/13C7F1~1.2RE/bin/../lib/gcc/arm-none-eabi/13.2.1/thumb/v7e-m+fp/hard\libgcc.a(_udivmoddi4.o)
                0x0800164c                __udivmoddi4
 *(.glue_7)
 .glue_7        0x08001908        0x0 linker stubs
 *(.glue_7t)
 .glue_7t       0x08001908        0x0 linker stubs
 *(.eh_frame)
 .eh_frame      0x08001908        0x0 C:/PROGRA~2/ARMGNU~1/13C7F1~1.2RE/bin/../lib/gcc/arm-none-eabi/13.2.1/thumb/v7e-m+fp/hard/crtbegin.o
 *(.init)
 .init          0x08001908        0x4 C:/PROGRA~2/ARMGNU~1/13C7F1~1.2RE/bin/../lib/gcc/arm-none-eabi/13.2.1/thumb/v7e-m+fp/hard/crti.o
                0x08001908                _init
 .init          0x0800190c        0x8 C:/PROGRA~2/ARMGNU~1/13C7F1~1.2RE/bin/../lib/gcc/arm-none-eabi/13.2.1/thumb/v7e-m+fp/hard/crtn.o
 *(.fini)
 .fini          0x08001914        0x4 C:/PROGRA~2/ARMGNU~1/13C7F1~1.2RE/bin/../lib/gcc/arm-none-eabi/13.2.1/thumb/v7e-m+fp/hard/crti.o
                0x08001914                _fini
 .fini          0x08001918        0x8 C:/PROGRA~2/ARMGNU~1/13C7F1~1.2RE/bin/../lib/gcc/arm-none-eabi/13.2.1/thumb/v7e-m+fp/hard/crtn.o
                0x08001920                        . = ALIGN (0x4)
                0x08001920                        _etext = .

.vfp11_veneer   0x08001920        0x0
 .vfp11_veneer  0x08001920        0x0 linker stubs

.v4_bx          0x08001920        0x0
 .v4_bx         0x08001920        0x0 linker stubs

.iplt           0x08001920        0x0
 .iplt          0x08001920        0x0 C:/PROGRA~2/ARMGNU~1/13C7F1~1.2RE/bin/../lib/gcc/arm-none-eabi/13.2.1/thumb/v7e-m+fp/hard/crtbegin.o

.rodata         0x08001920       0x10
                0x08001920                        . = ALIGN (0x4)
 *(.rodata)
 *(.rodata*)
 .rodata.AHBPrescTable
                0x08001920       0x10 CMakeFiles/LED_Blink_Ceedling.dir/Core/Src/system_stm32f4xx.c.obj
                0x08001920                AHBPrescTable
                0x08001930                        . = ALIGN (0x4)

.ARM.extab
 *(.ARM.extab* .gnu.linkonce.armextab.*)

.ARM            0x08001930        0x8
                0x08001930                        __exidx_start = .
 *(.ARM.exidx*)
 .ARM.exidx.text.__udivmoddi4
                0x08001930        0x8 C:/PROGRA~2/ARMGNU~1/13C7F1~1.2RE/bin/../lib/gcc/arm-none-eabi/13.2.1/thumb/v7e-m+fp/hard\libgcc.a(_udivmoddi4.o)
                0x08001938                        __exidx_end = .

.rel.dyn        0x08001938        0x0
 .rel.iplt      0x08001938        0x0 C:/PROGRA~2/ARMGNU~1/13C7F1~1.2RE/bin/../lib/gcc/arm-none-eabi/13.2.1/thumb/v7e-m+fp/hard/crtbegin.o

.preinit_array  0x08001938        0x0
                0x08001938                        PROVIDE (__preinit_array_start = .)
 *(.preinit_array*)
                0x08001938                        PROVIDE (__preinit_array_end = .)

.init_array     0x08001938        0x4
                0x08001938                        PROVIDE (__init_array_start = .)
 *(SORT_BY_NAME(.init_array.*))
 *(.init_array*)
 .init_array    0x08001938        0x4 C:/PROGRA~2/ARMGNU~1/13C7F1~1.2RE/bin/../lib/gcc/arm-none-eabi/13.2.1/thumb/v7e-m+fp/hard/crtbegin.o
                0x0800193c                        PROVIDE (__init_array_end = .)

.fini_array     0x0800193c        0x4
                [!provide]                        PROVIDE (__fini_array_start = .)
 *(SORT_BY_NAME(.fini_array.*))
 *(.fini_array*)
 .fini_array    0x0800193c        0x4 C:/PROGRA~2/ARMGNU~1/13C7F1~1.2RE/bin/../lib/gcc/arm-none-eabi/13.2.1/thumb/v7e-m+fp/hard/crtbegin.o
                [!provide]                        PROVIDE (__fini_array_end = .)
                0x08001940                        _sidata = LOADADDR (.data)

.data           0x20000000        0xc load address 0x08001940
                0x20000000                        . = ALIGN (0x4)
                0x20000000                        _sdata = .
 *(.data)
 *(.data*)
 .data.uwTickPrio
                0x20000000        0x4 CMakeFiles/LED_Blink_Ceedling.dir/Drivers/STM32F4xx_HAL_Driver/Src/stm32f4xx_hal.c.obj
                0x20000000                uwTickPrio
 .data.uwTickFreq
                0x20000004        0x1 CMakeFiles/LED_Blink_Ceedling.dir/Drivers/STM32F4xx_HAL_Driver/Src/stm32f4xx_hal.c.obj
                0x20000004                uwTickFreq
 *fill*         0x20000005        0x3 
 .data.SystemCoreClock
                0x20000008        0x4 CMakeFiles/LED_Blink_Ceedling.dir/Core/Src/system_stm32f4xx.c.obj
                0x20000008                SystemCoreClock
                0x2000000c                        . = ALIGN (0x4)
                0x2000000c                        _edata = .

.tm_clone_table
                0x2000000c        0x0 load address 0x0800194c
 .tm_clone_table
                0x2000000c        0x0 C:/PROGRA~2/ARMGNU~1/13C7F1~1.2RE/bin/../lib/gcc/arm-none-eabi/13.2.1/thumb/v7e-m+fp/hard/crtbegin.o
 .tm_clone_table
                0x2000000c        0x0 C:/PROGRA~2/ARMGNU~1/13C7F1~1.2RE/bin/../lib/gcc/arm-none-eabi/13.2.1/thumb/v7e-m+fp/hard/crtend.o

.igot.plt       0x2000000c        0x0 load address 0x0800194c
 .igot.plt      0x2000000c        0x0 C:/PROGRA~2/ARMGNU~1/13C7F1~1.2RE/bin/../lib/gcc/arm-none-eabi/13.2.1/thumb/v7e-m+fp/hard/crtbegin.o
                0x2000000c                        . = ALIGN (0x4)

.bss            0x2000000c       0x20 load address 0x0800194c
                0x2000000c                        _sbss = .
                0x2000000c                        __bss_start__ = _sbss
 *(.bss)
 *(.bss*)
 .bss.completed.1
                0x2000000c        0x1 C:/PROGRA~2/ARMGNU~1/13C7F1~1.2RE/bin/../lib/gcc/arm-none-eabi/13.2.1/thumb/v7e-m+fp/hard/crtbegin.o
 *fill*         0x2000000d        0x3 
 .bss.object.0  0x20000010       0x18 C:/PROGRA~2/ARMGNU~1/13C7F1~1.2RE/bin/../lib/gcc/arm-none-eabi/13.2.1/thumb/v7e-m+fp/hard/crtbegin.o
 .bss.uwTick    0x20000028        0x4 CMakeFiles/LED_Blink_Ceedling.dir/Drivers/STM32F4xx_HAL_Driver/Src/stm32f4xx_hal.c.obj
                0x20000028                uwTick
 *(COMMON)
                0x2000002c                        . = ALIGN (0x4)
                0x2000002c                        _ebss = .
                0x2000002c                        __bss_end__ = _ebss

._user_heap_stack
                0x2000002c      0x604 load address 0x0800194c
                0x20000030                        . = ALIGN (0x8)
 *fill*         0x2000002c        0x4 
                [!provide]                        PROVIDE (end = .)
                0x20000030                        PROVIDE (_end = .)
                0x20000230                        . = (. + _Min_Heap_Size)
 *fill*         0x20000030      0x200 
                0x20000630                        . = (. + _Min_Stack_Size)
 *fill*         0x20000230      0x400 
                0x20000630                        . = ALIGN (0x8)

/DISCARD/
 libc.a(*)
 libm.a(*)
 libgcc.a(*)
OUTPUT(LED_Blink_Ceedling.elf elf32-littlearm)
LOAD linker stubs
LOAD C:/PROGRA~2/ARMGNU~1/13C7F1~1.2RE/bin/../lib/gcc/arm-none-eabi/13.2.1/thumb/v7e-m+fp/hard\libc.a
LOAD C:/PROGRA~2/ARMGNU~1/13C7F1~1.2RE/bin/../lib/gcc/arm-none-eabi/13.2.1/thumb/v7e-m+fp/hard\libm.a
LOAD C:/PROGRA~2/ARMGNU~1/13C7F1~1.2RE/bin/../lib/gcc/arm-none-eabi/13.2.1/thumb/v7e-m+fp/hard\libgcc.a

.ARM.attributes
                0x00000000       0x30
 .ARM.attributes
                0x00000000       0x22 C:/PROGRA~2/ARMGNU~1/13C7F1~1.2RE/bin/../lib/gcc/arm-none-eabi/13.2.1/thumb/v7e-m+fp/hard/crti.o
 .ARM.attributes
                0x00000022       0x34 C:/PROGRA~2/ARMGNU~1/13C7F1~1.2RE/bin/../lib/gcc/arm-none-eabi/13.2.1/thumb/v7e-m+fp/hard/crtbegin.o
 .ARM.attributes
                0x00000056       0x34 C:/PROGRA~2/ARMGNU~1/13C7F1~1.2RE/bin/../lib/gcc/arm-none-eabi/13.2.1/thumb/v7e-m+fp/hard\libc_nano.a(libc_a-memset.o)
 .ARM.attributes
                0x0000008a       0x34 C:/PROGRA~2/ARMGNU~1/13C7F1~1.2RE/bin/../lib/gcc/arm-none-eabi/13.2.1/thumb/v7e-m+fp/hard\libc_nano.a(libc_a-init.o)
 .ARM.attributes
                0x000000be       0x34 CMakeFiles/LED_Blink_Ceedling.dir/Core/Src/LED.c.obj
 .ARM.attributes
                0x000000f2       0x34 CMakeFiles/LED_Blink_Ceedling.dir/Core/Src/main.c.obj
 .ARM.attributes
                0x00000126       0x34 CMakeFiles/LED_Blink_Ceedling.dir/Core/Src/stm32f4xx_it.c.obj
 .ARM.attributes
                0x0000015a       0x34 CMakeFiles/LED_Blink_Ceedling.dir/Core/Src/stm32f4xx_hal_msp.c.obj
 .ARM.attributes
                0x0000018e       0x34 CMakeFiles/LED_Blink_Ceedling.dir/Drivers/STM32F4xx_HAL_Driver/Src/stm32f4xx_hal_rcc.c.obj
 .ARM.attributes
                0x000001c2       0x34 CMakeFiles/LED_Blink_Ceedling.dir/Drivers/STM32F4xx_HAL_Driver/Src/stm32f4xx_hal_rcc_ex.c.obj
 .ARM.attributes
                0x000001f6       0x34 CMakeFiles/LED_Blink_Ceedling.dir/Drivers/STM32F4xx_HAL_Driver/Src/stm32f4xx_hal_gpio.c.obj
 .ARM.attributes
                0x0000022a       0x34 CMakeFiles/LED_Blink_Ceedling.dir/Drivers/STM32F4xx_HAL_Driver/Src/stm32f4xx_hal_cortex.c.obj
 .ARM.attributes
                0x0000025e       0x34 CMakeFiles/LED_Blink_Ceedling.dir/Drivers/STM32F4xx_HAL_Driver/Src/stm32f4xx_hal.c.obj
 .ARM.attributes
                0x00000292       0x34 CMakeFiles/LED_Blink_Ceedling.dir/Core/Src/system_stm32f4xx.c.obj
 .ARM.attributes
                0x000002c6       0x21 CMakeFiles/LED_Blink_Ceedling.dir/startup_stm32f446xx.s.obj
 .ARM.attributes
                0x000002e7       0x22 C:/PROGRA~2/ARMGNU~1/13C7F1~1.2RE/bin/../lib/gcc/arm-none-eabi/13.2.1/thumb/v7e-m+fp/hard\libgcc.a(_aeabi_uldivmod.o)
 .ARM.attributes
                0x00000309       0x34 C:/PROGRA~2/ARMGNU~1/13C7F1~1.2RE/bin/../lib/gcc/arm-none-eabi/13.2.1/thumb/v7e-m+fp/hard\libgcc.a(_udivmoddi4.o)
 .ARM.attributes
                0x0000033d       0x22 C:/PROGRA~2/ARMGNU~1/13C7F1~1.2RE/bin/../lib/gcc/arm-none-eabi/13.2.1/thumb/v7e-m+fp/hard\libgcc.a(_dvmd_tls.o)
 .ARM.attributes
                0x0000035f       0x34 C:/PROGRA~2/ARMGNU~1/13C7F1~1.2RE/bin/../lib/gcc/arm-none-eabi/13.2.1/thumb/v7e-m+fp/hard/crtend.o
 .ARM.attributes
                0x00000393       0x22 C:/PROGRA~2/ARMGNU~1/13C7F1~1.2RE/bin/../lib/gcc/arm-none-eabi/13.2.1/thumb/v7e-m+fp/hard/crtn.o

.comment        0x00000000       0x44
 .comment       0x00000000       0x44 CMakeFiles/LED_Blink_Ceedling.dir/Core/Src/LED.c.obj
                                 0x45 (size before relaxing)
 .comment       0x00000044       0x45 CMakeFiles/LED_Blink_Ceedling.dir/Core/Src/main.c.obj
 .comment       0x00000044       0x45 CMakeFiles/LED_Blink_Ceedling.dir/Core/Src/stm32f4xx_it.c.obj
 .comment       0x00000044       0x45 CMakeFiles/LED_Blink_Ceedling.dir/Core/Src/stm32f4xx_hal_msp.c.obj
 .comment       0x00000044       0x45 CMakeFiles/LED_Blink_Ceedling.dir/Drivers/STM32F4xx_HAL_Driver/Src/stm32f4xx_hal_rcc.c.obj
 .comment       0x00000044       0x45 CMakeFiles/LED_Blink_Ceedling.dir/Drivers/STM32F4xx_HAL_Driver/Src/stm32f4xx_hal_rcc_ex.c.obj
 .comment       0x00000044       0x45 CMakeFiles/LED_Blink_Ceedling.dir/Drivers/STM32F4xx_HAL_Driver/Src/stm32f4xx_hal_gpio.c.obj
 .comment       0x00000044       0x45 CMakeFiles/LED_Blink_Ceedling.dir/Drivers/STM32F4xx_HAL_Driver/Src/stm32f4xx_hal_cortex.c.obj
 .comment       0x00000044       0x45 CMakeFiles/LED_Blink_Ceedling.dir/Drivers/STM32F4xx_HAL_Driver/Src/stm32f4xx_hal.c.obj
 .comment       0x00000044       0x45 CMakeFiles/LED_Blink_Ceedling.dir/Core/Src/system_stm32f4xx.c.obj

.debug_frame    0x00000000     0x109c
 .debug_frame   0x00000000       0x20 C:/PROGRA~2/ARMGNU~1/13C7F1~1.2RE/bin/../lib/gcc/arm-none-eabi/13.2.1/thumb/v7e-m+fp/hard\libc_nano.a(libc_a-memset.o)
 .debug_frame   0x00000020       0x2c C:/PROGRA~2/ARMGNU~1/13C7F1~1.2RE/bin/../lib/gcc/arm-none-eabi/13.2.1/thumb/v7e-m+fp/hard\libc_nano.a(libc_a-init.o)
 .debug_frame   0x0000004c       0x2c CMakeFiles/LED_Blink_Ceedling.dir/Core/Src/LED.c.obj
 .debug_frame   0x00000078       0x8c CMakeFiles/LED_Blink_Ceedling.dir/Core/Src/main.c.obj
 .debug_frame   0x00000104      0x104 CMakeFiles/LED_Blink_Ceedling.dir/Core/Src/stm32f4xx_it.c.obj
 .debug_frame   0x00000208       0x38 CMakeFiles/LED_Blink_Ceedling.dir/Core/Src/stm32f4xx_hal_msp.c.obj
 .debug_frame   0x00000240      0x1f4 CMakeFiles/LED_Blink_Ceedling.dir/Drivers/STM32F4xx_HAL_Driver/Src/stm32f4xx_hal_rcc.c.obj
 .debug_frame   0x00000434      0x1e8 CMakeFiles/LED_Blink_Ceedling.dir/Drivers/STM32F4xx_HAL_Driver/Src/stm32f4xx_hal_rcc_ex.c.obj
 .debug_frame   0x0000061c      0x14c CMakeFiles/LED_Blink_Ceedling.dir/Drivers/STM32F4xx_HAL_Driver/Src/stm32f4xx_hal_gpio.c.obj
 .debug_frame   0x00000768      0x508 CMakeFiles/LED_Blink_Ceedling.dir/Drivers/STM32F4xx_HAL_Driver/Src/stm32f4xx_hal_cortex.c.obj
 .debug_frame   0x00000c70      0x374 CMakeFiles/LED_Blink_Ceedling.dir/Drivers/STM32F4xx_HAL_Driver/Src/stm32f4xx_hal.c.obj
 .debug_frame   0x00000fe4       0x58 CMakeFiles/LED_Blink_Ceedling.dir/Core/Src/system_stm32f4xx.c.obj
 .debug_frame   0x0000103c       0x2c C:/PROGRA~2/ARMGNU~1/13C7F1~1.2RE/bin/../lib/gcc/arm-none-eabi/13.2.1/thumb/v7e-m+fp/hard\libgcc.a(_aeabi_uldivmod.o)
 .debug_frame   0x00001068       0x34 C:/PROGRA~2/ARMGNU~1/13C7F1~1.2RE/bin/../lib/gcc/arm-none-eabi/13.2.1/thumb/v7e-m+fp/hard\libgcc.a(_udivmoddi4.o)

.debug_info     0x00000000     0x41bc
 .debug_info    0x00000000      0x175 CMakeFiles/LED_Blink_Ceedling.dir/Core/Src/LED.c.obj
 .debug_info    0x00000175      0x692 CMakeFiles/LED_Blink_Ceedling.dir/Core/Src/main.c.obj
 .debug_info    0x00000807      0x112 CMakeFiles/LED_Blink_Ceedling.dir/Core/Src/stm32f4xx_it.c.obj
 .debug_info    0x00000919      0x299 CMakeFiles/LED_Blink_Ceedling.dir/Core/Src/stm32f4xx_hal_msp.c.obj
 .debug_info    0x00000bb2      0x8eb CMakeFiles/LED_Blink_Ceedling.dir/Drivers/STM32F4xx_HAL_Driver/Src/stm32f4xx_hal_rcc.c.obj
 .debug_info    0x0000149d      0x956 CMakeFiles/LED_Blink_Ceedling.dir/Drivers/STM32F4xx_HAL_Driver/Src/stm32f4xx_hal_rcc_ex.c.obj
 .debug_info    0x00001df3      0x70b CMakeFiles/LED_Blink_Ceedling.dir/Drivers/STM32F4xx_HAL_Driver/Src/stm32f4xx_hal_gpio.c.obj
 .debug_info    0x000024fe      0xdaa CMakeFiles/LED_Blink_Ceedling.dir/Drivers/STM32F4xx_HAL_Driver/Src/stm32f4xx_hal_cortex.c.obj
 .debug_info    0x000032a8      0x99a CMakeFiles/LED_Blink_Ceedling.dir/Drivers/STM32F4xx_HAL_Driver/Src/stm32f4xx_hal.c.obj
 .debug_info    0x00003c42      0x54a CMakeFiles/LED_Blink_Ceedling.dir/Core/Src/system_stm32f4xx.c.obj
 .debug_info    0x0000418c       0x30 CMakeFiles/LED_Blink_Ceedling.dir/startup_stm32f446xx.s.obj

.debug_abbrev   0x00000000     0x112d
 .debug_abbrev  0x00000000       0xd6 CMakeFiles/LED_Blink_Ceedling.dir/Core/Src/LED.c.obj
 .debug_abbrev  0x000000d6      0x208 CMakeFiles/LED_Blink_Ceedling.dir/Core/Src/main.c.obj
 .debug_abbrev  0x000002de       0x73 CMakeFiles/LED_Blink_Ceedling.dir/Core/Src/stm32f4xx_it.c.obj
 .debug_abbrev  0x00000351       0xd8 CMakeFiles/LED_Blink_Ceedling.dir/Core/Src/stm32f4xx_hal_msp.c.obj
 .debug_abbrev  0x00000429      0x2b7 CMakeFiles/LED_Blink_Ceedling.dir/Drivers/STM32F4xx_HAL_Driver/Src/stm32f4xx_hal_rcc.c.obj
 .debug_abbrev  0x000006e0      0x20a CMakeFiles/LED_Blink_Ceedling.dir/Drivers/STM32F4xx_HAL_Driver/Src/stm32f4xx_hal_rcc_ex.c.obj
 .debug_abbrev  0x000008ea      0x1d4 CMakeFiles/LED_Blink_Ceedling.dir/Drivers/STM32F4xx_HAL_Driver/Src/stm32f4xx_hal_gpio.c.obj
 .debug_abbrev  0x00000abe      0x31d CMakeFiles/LED_Blink_Ceedling.dir/Drivers/STM32F4xx_HAL_Driver/Src/stm32f4xx_hal_cortex.c.obj
 .debug_abbrev  0x00000ddb      0x214 CMakeFiles/LED_Blink_Ceedling.dir/Drivers/STM32F4xx_HAL_Driver/Src/stm32f4xx_hal.c.obj
 .debug_abbrev  0x00000fef      0x11a CMakeFiles/LED_Blink_Ceedling.dir/Core/Src/system_stm32f4xx.c.obj
 .debug_abbrev  0x00001109       0x24 CMakeFiles/LED_Blink_Ceedling.dir/startup_stm32f446xx.s.obj

.debug_aranges  0x00000000      0x4a0
 .debug_aranges
                0x00000000       0x20 CMakeFiles/LED_Blink_Ceedling.dir/Core/Src/LED.c.obj
 .debug_aranges
                0x00000020       0x38 CMakeFiles/LED_Blink_Ceedling.dir/Core/Src/main.c.obj
 .debug_aranges
                0x00000058       0x60 CMakeFiles/LED_Blink_Ceedling.dir/Core/Src/stm32f4xx_it.c.obj
 .debug_aranges
                0x000000b8       0x20 CMakeFiles/LED_Blink_Ceedling.dir/Core/Src/stm32f4xx_hal_msp.c.obj
 .debug_aranges
                0x000000d8       0x88 CMakeFiles/LED_Blink_Ceedling.dir/Drivers/STM32F4xx_HAL_Driver/Src/stm32f4xx_hal_rcc.c.obj
 .debug_aranges
                0x00000160       0x78 CMakeFiles/LED_Blink_Ceedling.dir/Drivers/STM32F4xx_HAL_Driver/Src/stm32f4xx_hal_rcc_ex.c.obj
 .debug_aranges
                0x000001d8       0x58 CMakeFiles/LED_Blink_Ceedling.dir/Drivers/STM32F4xx_HAL_Driver/Src/stm32f4xx_hal_gpio.c.obj
 .debug_aranges
                0x00000230      0x130 CMakeFiles/LED_Blink_Ceedling.dir/Drivers/STM32F4xx_HAL_Driver/Src/stm32f4xx_hal_cortex.c.obj
 .debug_aranges
                0x00000360       0xf0 CMakeFiles/LED_Blink_Ceedling.dir/Drivers/STM32F4xx_HAL_Driver/Src/stm32f4xx_hal.c.obj
 .debug_aranges
                0x00000450       0x28 CMakeFiles/LED_Blink_Ceedling.dir/Core/Src/system_stm32f4xx.c.obj
 .debug_aranges
                0x00000478       0x28 CMakeFiles/LED_Blink_Ceedling.dir/startup_stm32f446xx.s.obj

.debug_rnglists
                0x00000000      0x354
 .debug_rnglists
                0x00000000       0x13 CMakeFiles/LED_Blink_Ceedling.dir/Core/Src/LED.c.obj
 .debug_rnglists
                0x00000013       0x26 CMakeFiles/LED_Blink_Ceedling.dir/Core/Src/main.c.obj
 .debug_rnglists
                0x00000039       0x43 CMakeFiles/LED_Blink_Ceedling.dir/Core/Src/stm32f4xx_it.c.obj
 .debug_rnglists
                0x0000007c       0x13 CMakeFiles/LED_Blink_Ceedling.dir/Core/Src/stm32f4xx_hal_msp.c.obj
 .debug_rnglists
                0x0000008f       0x66 CMakeFiles/LED_Blink_Ceedling.dir/Drivers/STM32F4xx_HAL_Driver/Src/stm32f4xx_hal_rcc.c.obj
 .debug_rnglists
                0x000000f5       0x5e CMakeFiles/LED_Blink_Ceedling.dir/Drivers/STM32F4xx_HAL_Driver/Src/stm32f4xx_hal_rcc_ex.c.obj
 .debug_rnglists
                0x00000153       0x3f CMakeFiles/LED_Blink_Ceedling.dir/Drivers/STM32F4xx_HAL_Driver/Src/stm32f4xx_hal_gpio.c.obj
 .debug_rnglists
                0x00000192       0xe0 CMakeFiles/LED_Blink_Ceedling.dir/Drivers/STM32F4xx_HAL_Driver/Src/stm32f4xx_hal_cortex.c.obj
 .debug_rnglists
                0x00000272       0xaf CMakeFiles/LED_Blink_Ceedling.dir/Drivers/STM32F4xx_HAL_Driver/Src/stm32f4xx_hal.c.obj
 .debug_rnglists
                0x00000321       0x1a CMakeFiles/LED_Blink_Ceedling.dir/Core/Src/system_stm32f4xx.c.obj
 .debug_rnglists
                0x0000033b       0x19 CMakeFiles/LED_Blink_Ceedling.dir/startup_stm32f446xx.s.obj

.debug_macro    0x00000000    0x1febe
 .debug_macro   0x00000000      0x1c3 CMakeFiles/LED_Blink_Ceedling.dir/Core/Src/LED.c.obj
 .debug_macro   0x000001c3      0xad8 CMakeFiles/LED_Blink_Ceedling.dir/Core/Src/LED.c.obj
 .debug_macro   0x00000c9b      0x28f CMakeFiles/LED_Blink_Ceedling.dir/Core/Src/LED.c.obj
 .debug_macro   0x00000f2a       0x2e CMakeFiles/LED_Blink_Ceedling.dir/Core/Src/LED.c.obj
 .debug_macro   0x00000f58       0x28 CMakeFiles/LED_Blink_Ceedling.dir/Core/Src/LED.c.obj
 .debug_macro   0x00000f80       0x22 CMakeFiles/LED_Blink_Ceedling.dir/Core/Src/LED.c.obj
 .debug_macro   0x00000fa2       0x8e CMakeFiles/LED_Blink_Ceedling.dir/Core/Src/LED.c.obj
 .debug_macro   0x00001030       0x51 CMakeFiles/LED_Blink_Ceedling.dir/Core/Src/LED.c.obj
 .debug_macro   0x00001081      0x103 CMakeFiles/LED_Blink_Ceedling.dir/Core/Src/LED.c.obj
 .debug_macro   0x00001184       0x6a CMakeFiles/LED_Blink_Ceedling.dir/Core/Src/LED.c.obj
 .debug_macro   0x000011ee      0x1df CMakeFiles/LED_Blink_Ceedling.dir/Core/Src/LED.c.obj
 .debug_macro   0x000013cd       0x1c CMakeFiles/LED_Blink_Ceedling.dir/Core/Src/LED.c.obj
 .debug_macro   0x000013e9       0x22 CMakeFiles/LED_Blink_Ceedling.dir/Core/Src/LED.c.obj
 .debug_macro   0x0000140b       0xfb CMakeFiles/LED_Blink_Ceedling.dir/Core/Src/LED.c.obj
 .debug_macro   0x00001506     0x1011 CMakeFiles/LED_Blink_Ceedling.dir/Core/Src/LED.c.obj
 .debug_macro   0x00002517      0x11f CMakeFiles/LED_Blink_Ceedling.dir/Core/Src/LED.c.obj
 .debug_macro   0x00002636    0x16749 CMakeFiles/LED_Blink_Ceedling.dir/Core/Src/LED.c.obj
 .debug_macro   0x00018d7f       0x6d CMakeFiles/LED_Blink_Ceedling.dir/Core/Src/LED.c.obj
 .debug_macro   0x00018dec     0x369a CMakeFiles/LED_Blink_Ceedling.dir/Core/Src/LED.c.obj
 .debug_macro   0x0001c486      0x190 CMakeFiles/LED_Blink_Ceedling.dir/Core/Src/LED.c.obj
 .debug_macro   0x0001c616       0x5c CMakeFiles/LED_Blink_Ceedling.dir/Core/Src/LED.c.obj
 .debug_macro   0x0001c672      0xca5 CMakeFiles/LED_Blink_Ceedling.dir/Core/Src/LED.c.obj
 .debug_macro   0x0001d317      0x9e9 CMakeFiles/LED_Blink_Ceedling.dir/Core/Src/LED.c.obj
 .debug_macro   0x0001dd00      0x115 CMakeFiles/LED_Blink_Ceedling.dir/Core/Src/LED.c.obj
 .debug_macro   0x0001de15      0x1a0 CMakeFiles/LED_Blink_Ceedling.dir/Core/Src/LED.c.obj
 .debug_macro   0x0001dfb5       0xa5 CMakeFiles/LED_Blink_Ceedling.dir/Core/Src/LED.c.obj
 .debug_macro   0x0001e05a      0x16d CMakeFiles/LED_Blink_Ceedling.dir/Core/Src/LED.c.obj
 .debug_macro   0x0001e1c7      0x287 CMakeFiles/LED_Blink_Ceedling.dir/Core/Src/LED.c.obj
 .debug_macro   0x0001e44e       0x5f CMakeFiles/LED_Blink_Ceedling.dir/Core/Src/LED.c.obj
 .debug_macro   0x0001e4ad      0x236 CMakeFiles/LED_Blink_Ceedling.dir/Core/Src/LED.c.obj
 .debug_macro   0x0001e6e3      0x132 CMakeFiles/LED_Blink_Ceedling.dir/Core/Src/LED.c.obj
 .debug_macro   0x0001e815      0x29c CMakeFiles/LED_Blink_Ceedling.dir/Core/Src/LED.c.obj
 .debug_macro   0x0001eab1       0x2e CMakeFiles/LED_Blink_Ceedling.dir/Core/Src/LED.c.obj
 .debug_macro   0x0001eadf      0x127 CMakeFiles/LED_Blink_Ceedling.dir/Core/Src/LED.c.obj
 .debug_macro   0x0001ec06       0xe8 CMakeFiles/LED_Blink_Ceedling.dir/Core/Src/LED.c.obj
 .debug_macro   0x0001ecee       0x89 CMakeFiles/LED_Blink_Ceedling.dir/Core/Src/LED.c.obj
 .debug_macro   0x0001ed77      0x126 CMakeFiles/LED_Blink_Ceedling.dir/Core/Src/LED.c.obj
 .debug_macro   0x0001ee9d       0x16 CMakeFiles/LED_Blink_Ceedling.dir/Core/Src/LED.c.obj
 .debug_macro   0x0001eeb3      0x1c9 CMakeFiles/LED_Blink_Ceedling.dir/Core/Src/main.c.obj
 .debug_macro   0x0001f07c       0x10 CMakeFiles/LED_Blink_Ceedling.dir/Core/Src/main.c.obj
 .debug_macro   0x0001f08c      0x1c9 CMakeFiles/LED_Blink_Ceedling.dir/Core/Src/stm32f4xx_it.c.obj
 .debug_macro   0x0001f255      0x1bf CMakeFiles/LED_Blink_Ceedling.dir/Core/Src/stm32f4xx_hal_msp.c.obj
 .debug_macro   0x0001f414      0x1d4 CMakeFiles/LED_Blink_Ceedling.dir/Drivers/STM32F4xx_HAL_Driver/Src/stm32f4xx_hal_rcc.c.obj
 .debug_macro   0x0001f5e8      0x1b0 CMakeFiles/LED_Blink_Ceedling.dir/Drivers/STM32F4xx_HAL_Driver/Src/stm32f4xx_hal_rcc_ex.c.obj
 .debug_macro   0x0001f798      0x1b6 CMakeFiles/LED_Blink_Ceedling.dir/Drivers/STM32F4xx_HAL_Driver/Src/stm32f4xx_hal_gpio.c.obj
 .debug_macro   0x0001f94e      0x1b0 CMakeFiles/LED_Blink_Ceedling.dir/Drivers/STM32F4xx_HAL_Driver/Src/stm32f4xx_hal_cortex.c.obj
 .debug_macro   0x0001fafe      0x210 CMakeFiles/LED_Blink_Ceedling.dir/Drivers/STM32F4xx_HAL_Driver/Src/stm32f4xx_hal.c.obj
 .debug_macro   0x0001fd0e      0x1b0 CMakeFiles/LED_Blink_Ceedling.dir/Core/Src/system_stm32f4xx.c.obj

.debug_line     0x00000000     0x5cd3
 .debug_line    0x00000000      0x5a8 CMakeFiles/LED_Blink_Ceedling.dir/Core/Src/LED.c.obj
 .debug_line    0x000005a8      0x656 CMakeFiles/LED_Blink_Ceedling.dir/Core/Src/main.c.obj
 .debug_line    0x00000bfe      0x65f CMakeFiles/LED_Blink_Ceedling.dir/Core/Src/stm32f4xx_it.c.obj
 .debug_line    0x0000125d      0x5b0 CMakeFiles/LED_Blink_Ceedling.dir/Core/Src/stm32f4xx_hal_msp.c.obj
 .debug_line    0x0000180d      0xcbb CMakeFiles/LED_Blink_Ceedling.dir/Drivers/STM32F4xx_HAL_Driver/Src/stm32f4xx_hal_rcc.c.obj
 .debug_line    0x000024c8     0x1362 CMakeFiles/LED_Blink_Ceedling.dir/Drivers/STM32F4xx_HAL_Driver/Src/stm32f4xx_hal_rcc_ex.c.obj
 .debug_line    0x0000382a      0x9e6 CMakeFiles/LED_Blink_Ceedling.dir/Drivers/STM32F4xx_HAL_Driver/Src/stm32f4xx_hal_gpio.c.obj
 .debug_line    0x00004210      0xb72 CMakeFiles/LED_Blink_Ceedling.dir/Drivers/STM32F4xx_HAL_Driver/Src/stm32f4xx_hal_cortex.c.obj
 .debug_line    0x00004d82      0x8a2 CMakeFiles/LED_Blink_Ceedling.dir/Drivers/STM32F4xx_HAL_Driver/Src/stm32f4xx_hal.c.obj
 .debug_line    0x00005624      0x635 CMakeFiles/LED_Blink_Ceedling.dir/Core/Src/system_stm32f4xx.c.obj
 .debug_line    0x00005c59       0x7a CMakeFiles/LED_Blink_Ceedling.dir/startup_stm32f446xx.s.obj

.debug_str      0x00000000    0xc21b1
 .debug_str     0x00000000    0xc21b1 CMakeFiles/LED_Blink_Ceedling.dir/Core/Src/LED.c.obj
                              0xc0795 (size before relaxing)
 .debug_str     0x000c21b1    0xc0b13 CMakeFiles/LED_Blink_Ceedling.dir/Core/Src/main.c.obj
 .debug_str     0x000c21b1    0xc07cd CMakeFiles/LED_Blink_Ceedling.dir/Core/Src/stm32f4xx_it.c.obj
 .debug_str     0x000c21b1    0xc086c CMakeFiles/LED_Blink_Ceedling.dir/Core/Src/stm32f4xx_hal_msp.c.obj
 .debug_str     0x000c21b1    0xc0d26 CMakeFiles/LED_Blink_Ceedling.dir/Drivers/STM32F4xx_HAL_Driver/Src/stm32f4xx_hal_rcc.c.obj
 .debug_str     0x000c21b1    0xc0d59 CMakeFiles/LED_Blink_Ceedling.dir/Drivers/STM32F4xx_HAL_Driver/Src/stm32f4xx_hal_rcc_ex.c.obj
 .debug_str     0x000c21b1    0xc0a68 CMakeFiles/LED_Blink_Ceedling.dir/Drivers/STM32F4xx_HAL_Driver/Src/stm32f4xx_hal_gpio.c.obj
 .debug_str     0x000c21b1    0xc1209 CMakeFiles/LED_Blink_Ceedling.dir/Drivers/STM32F4xx_HAL_Driver/Src/stm32f4xx_hal_cortex.c.obj
 .debug_str     0x000c21b1    0xc14b2 CMakeFiles/LED_Blink_Ceedling.dir/Drivers/STM32F4xx_HAL_Driver/Src/stm32f4xx_hal.c.obj
 .debug_str     0x000c21b1    0xc08ed CMakeFiles/LED_Blink_Ceedling.dir/Core/Src/system_stm32f4xx.c.obj
 .debug_str     0x000c21b1       0xa4 CMakeFiles/LED_Blink_Ceedling.dir/startup_stm32f446xx.s.obj

.debug_line_str
                0x00000000      0x15d
 .debug_line_str
                0x00000000      0x15d CMakeFiles/LED_Blink_Ceedling.dir/startup_stm32f446xx.s.obj
                                 0x88 (size before relaxing)
 .debug_line_str
                0x0000015d       0xc9 C:/PROGRA~2/ARMGNU~1/13C7F1~1.2RE/bin/../lib/gcc/arm-none-eabi/13.2.1/thumb/v7e-m+fp/hard\libgcc.a(_aeabi_uldivmod.o)
 .debug_line_str
                0x0000015d       0xcd C:/PROGRA~2/ARMGNU~1/13C7F1~1.2RE/bin/../lib/gcc/arm-none-eabi/13.2.1/thumb/v7e-m+fp/hard\libgcc.a(_dvmd_tls.o)
